Component: ARM Compiler 5.06 update 6 (build 750) Tool: armlink [4d35ed]

==============================================================================

Section Cross References

    startup_stm32f401xc.o(STACK) refers (Special) to heapauxi.o(.text) for __use_two_region_memory
    startup_stm32f401xc.o(HEAP) refers (Special) to heapauxi.o(.text) for __use_two_region_memory
    startup_stm32f401xc.o(RESET) refers (Special) to heapauxi.o(.text) for __use_two_region_memory
    startup_stm32f401xc.o(RESET) refers to startup_stm32f401xc.o(STACK) for __initial_sp
    startup_stm32f401xc.o(RESET) refers to startup_stm32f401xc.o(.text) for Reset_Handler
    startup_stm32f401xc.o(RESET) refers to stm32f4xx_it.o(i.NMI_Handler) for NMI_Handler
    startup_stm32f401xc.o(RESET) refers to stm32f4xx_it.o(i.HardFault_Handler) for HardFault_Handler
    startup_stm32f401xc.o(RESET) refers to stm32f4xx_it.o(i.MemManage_Handler) for MemManage_Handler
    startup_stm32f401xc.o(RESET) refers to stm32f4xx_it.o(i.BusFault_Handler) for BusFault_Handler
    startup_stm32f401xc.o(RESET) refers to stm32f4xx_it.o(i.UsageFault_Handler) for UsageFault_Handler
    startup_stm32f401xc.o(RESET) refers to stm32f4xx_it.o(i.SVC_Handler) for SVC_Handler
    startup_stm32f401xc.o(RESET) refers to stm32f4xx_it.o(i.DebugMon_Handler) for DebugMon_Handler
    startup_stm32f401xc.o(RESET) refers to stm32f4xx_it.o(i.PendSV_Handler) for PendSV_Handler
    startup_stm32f401xc.o(RESET) refers to stm32f4xx_it.o(i.SysTick_Handler) for SysTick_Handler
    startup_stm32f401xc.o(RESET) refers to stm32f4xx_it.o(i.TIM2_IRQHandler) for TIM2_IRQHandler
    startup_stm32f401xc.o(RESET) refers to stm32f4xx_it.o(i.USART1_IRQHandler) for USART1_IRQHandler
    startup_stm32f401xc.o(.text) refers (Special) to heapauxi.o(.text) for __use_two_region_memory
    startup_stm32f401xc.o(.text) refers to system_stm32f4xx.o(i.SystemInit) for SystemInit
    startup_stm32f401xc.o(.text) refers to __main.o(!!!main) for __main
    startup_stm32f401xc.o(.text) refers to startup_stm32f401xc.o(HEAP) for Heap_Mem
    startup_stm32f401xc.o(.text) refers to startup_stm32f401xc.o(STACK) for Stack_Mem
    motor.o(i.handle_angle) refers to motor.o(i.speed_run) for speed_run
    motor.o(i.handle_angle) refers to stm32f4xx_hal_gpio.o(i.HAL_GPIO_WritePin) for HAL_GPIO_WritePin
    motor.o(i.handle_straight) refers to motor.o(i.speed_run) for speed_run
    motor.o(i.handle_straight) refers to stm32f4xx_hal_gpio.o(i.HAL_GPIO_WritePin) for HAL_GPIO_WritePin
    motor.o(i.handle_straight) refers to main.o(.bss) for pidA
    motor.o(i.reset_run) refers to stm32f4xx_hal.o(i.HAL_Delay) for HAL_Delay
    motor.o(i.reset_run) refers to main.o(.data) for yaw_gyro
    motor.o(i.reset_run) refers to main.o(.data) for temp
    motor.o(i.reset_run) refers to main.o(.data) for encA
    motor.o(i.reset_run) refers to main.o(.data) for encB
    motor.o(i.reset_run) refers to tim.o(.bss) for htim3
    motor.o(i.speed_run) refers to stm32f4xx_hal_gpio.o(i.HAL_GPIO_WritePin) for HAL_GPIO_WritePin
    motor.o(i.speed_run) refers to tim.o(.bss) for htim9
    hal_i2c_mpu6050.o(i.MPU6050_ByPass) refers to stm32f4xx_hal_i2c.o(i.HAL_I2C_Mem_Write) for HAL_I2C_Mem_Write
    hal_i2c_mpu6050.o(i.MPU6050_Init) refers to stm32f4xx_hal_i2c.o(i.HAL_I2C_Mem_Read) for HAL_I2C_Mem_Read
    hal_i2c_mpu6050.o(i.MPU6050_Init) refers to hal_i2c_mpu6050.o(i.MPU6050_ByPass) for MPU6050_ByPass
    hal_i2c_mpu6050.o(i.MPU6050_Init) refers to stm32f4xx_hal_i2c.o(i.HAL_I2C_Mem_Write) for HAL_I2C_Mem_Write
    hal_i2c_mpu6050.o(i.MPU6050_Read_Accel) refers to stm32f4xx_hal_i2c.o(i.HAL_I2C_Mem_Read) for HAL_I2C_Mem_Read
    hal_i2c_mpu6050.o(i.MPU6050_Read_Accel) refers to dflt_clz.o(x$fpl$dfltu) for __aeabi_ui2d
    hal_i2c_mpu6050.o(i.MPU6050_Read_Accel) refers to dflt_clz.o(x$fpl$dflt) for __aeabi_i2d
    hal_i2c_mpu6050.o(i.MPU6050_Read_Accel) refers to ddiv.o(x$fpl$ddiv) for __aeabi_ddiv
    hal_i2c_mpu6050.o(i.MPU6050_Read_Accel) refers to d2f.o(x$fpl$d2f) for __aeabi_d2f
    hal_i2c_mpu6050.o(i.MPU6050_Read_Accel) refers to i2c.o(.bss) for hi2c1
    hal_i2c_mpu6050.o(i.MPU6050_Read_Accel) refers to main.o(.data) for global
    hal_i2c_mpu6050.o(i.MPU6050_Read_Gyro) refers to stm32f4xx_hal_i2c.o(i.HAL_I2C_Mem_Read) for HAL_I2C_Mem_Read
    hal_i2c_mpu6050.o(i.MPU6050_Read_Gyro) refers to dflt_clz.o(x$fpl$dflt) for __aeabi_i2d
    hal_i2c_mpu6050.o(i.MPU6050_Read_Gyro) refers to ddiv.o(x$fpl$ddiv) for __aeabi_ddiv
    hal_i2c_mpu6050.o(i.MPU6050_Read_Gyro) refers to d2f.o(x$fpl$d2f) for __aeabi_d2f
    hal_i2c_mpu6050.o(i.MPU6050_Read_Gyro) refers to i2c.o(.bss) for hi2c1
    hal_i2c_hmc5883l.o(i.HMC5883L_initialize) refers to stm32f4xx_hal_i2c.o(i.HAL_I2C_Mem_Read) for HAL_I2C_Mem_Read
    hal_i2c_hmc5883l.o(i.HMC5883L_initialize) refers to i2c.o(.bss) for hi2c1
    hal_i2c_hmc5883l.o(i.readNormalize) refers to stm32f4xx_hal_i2c.o(i.HAL_I2C_Mem_Read) for HAL_I2C_Mem_Read
[...]
    I2C_WaitOnRXNEFlagUntilTimeout           0x080033eb   Thumb Code   102  stm32f4xx_hal_i2c.o(i.I2C_WaitOnRXNEFlagUntilTimeout)
    i.I2C_WaitOnTXEFlagUntilTimeout          0x08003450   Section        0  stm32f4xx_hal_i2c.o(i.I2C_WaitOnTXEFlagUntilTimeout)
    I2C_WaitOnTXEFlagUntilTimeout            0x08003451   Thumb Code    76  stm32f4xx_hal_i2c.o(i.I2C_WaitOnTXEFlagUntilTimeout)
    i.MPU6050_ByPass                         0x0800349c   Section        0  hal_i2c_mpu6050.o(i.MPU6050_ByPass)
    i.MPU6050_Init                           0x080034de   Section        0  hal_i2c_mpu6050.o(i.MPU6050_Init)
    i.MPU6050_Read_Gyro                      0x08003584   Section        0  hal_i2c_mpu6050.o(i.MPU6050_Read_Gyro)
    i.MX_GPIO_Init                           0x08003668   Section        0  gpio.o(i.MX_GPIO_Init)
    i.MX_I2C1_Init                           0x08003740   Section        0  i2c.o(i.MX_I2C1_Init)
    i.MX_TIM2_Init                           0x08003780   Section        0  tim.o(i.MX_TIM2_Init)
    i.MX_TIM3_Init                           0x080037e4   Section        0  tim.o(i.MX_TIM3_Init)
    i.MX_TIM4_Init                           0x08003850   Section        0  tim.o(i.MX_TIM4_Init)
    i.MX_TIM9_Init                           0x080038bc   Section        0  tim.o(i.MX_TIM9_Init)
    i.MX_USART1_UART_Init                    0x08003928   Section        0  usart.o(i.MX_USART1_UART_Init)
    i.MemManage_Handler                      0x08003960   Section        0  stm32f4xx_it.o(i.MemManage_Handler)
    i.NMI_Handler                            0x08003962   Section        0  stm32f4xx_it.o(i.NMI_Handler)
    i.PendSV_Handler                         0x08003964   Section        0  stm32f4xx_it.o(i.PendSV_Handler)
    i.SVC_Handler                            0x08003966   Section        0  stm32f4xx_it.o(i.SVC_Handler)
    i.SysTick_Handler                        0x08003968   Section        0  stm32f4xx_it.o(i.SysTick_Handler)
    i.SystemClock_Config                     0x0800396c   Section        0  main.o(i.SystemClock_Config)
    i.SystemInit                             0x080039f0   Section        0  system_stm32f4xx.o(i.SystemInit)
    i.TIM2_IRQHandler                        0x08003a44   Section        0  stm32f4xx_it.o(i.TIM2_IRQHandler)
    i.TIM_Base_SetConfig                     0x08003a50   Section        0  stm32f4xx_hal_tim.o(i.TIM_Base_SetConfig)
    i.TIM_CCxChannelCmd                      0x08003ae8   Section        0  stm32f4xx_hal_tim.o(i.TIM_CCxChannelCmd)
    i.TIM_ETR_SetConfig                      0x08003b02   Section        0  stm32f4xx_hal_tim.o(i.TIM_ETR_SetConfig)
    i.TIM_ITRx_SetConfig                     0x08003b16   Section        0  stm32f4xx_hal_tim.o(i.TIM_ITRx_SetConfig)
    TIM_ITRx_SetConfig                       0x08003b17   Thumb Code    16  stm32f4xx_hal_tim.o(i.TIM_ITRx_SetConfig)
    i.TIM_OC1_SetConfig                      0x08003b28   Section        0  stm32f4xx_hal_tim.o(i.TIM_OC1_SetConfig)
    TIM_OC1_SetConfig                        0x08003b29   Thumb Code    74  stm32f4xx_hal_tim.o(i.TIM_OC1_SetConfig)
    i.TIM_OC2_SetConfig                      0x08003b78   Section        0  stm32f4xx_hal_tim.o(i.TIM_OC2_SetConfig)
    i.TIM_OC3_SetConfig                      0x08003bd0   Section        0  stm32f4xx_hal_tim.o(i.TIM_OC3_SetConfig)
    TIM_OC3_SetConfig                        0x08003bd1   Thumb Code    82  stm32f4xx_hal_tim.o(i.TIM_OC3_SetConfig)
    i.TIM_OC4_SetConfig                      0x08003c28   Section        0  stm32f4xx_hal_tim.o(i.TIM_OC4_SetConfig)
    TIM_OC4_SetConfig                        0x08003c29   Thumb Code    64  stm32f4xx_hal_tim.o(i.TIM_OC4_SetConfig)
    i.TIM_TI1_ConfigInputStage               0x08003c6c   Section        0  stm32f4xx_hal_tim.o(i.TIM_TI1_ConfigInputStage)
    TIM_TI1_ConfigInputStage                 0x08003c6d   Thumb Code    34  stm32f4xx_hal_tim.o(i.TIM_TI1_ConfigInputStage)
    i.TIM_TI2_ConfigInputStage               0x08003c8e   Section        0  stm32f4xx_hal_tim.o(i.TIM_TI2_ConfigInputStage)
    TIM_TI2_ConfigInputStage                 0x08003c8f   Thumb Code    36  stm32f4xx_hal_tim.o(i.TIM_TI2_ConfigInputStage)
    i.UART_DMAAbortOnError                   0x08003cb2   Section        0  stm32f4xx_hal_uart.o(i.UART_DMAAbortOnError)
    UART_DMAAbortOnError                     0x08003cb3   Thumb Code    16  stm32f4xx_hal_uart.o(i.UART_DMAAbortOnError)
    i.UART_EndRxTransfer                     0x08003cc2   Section        0  stm32f4xx_hal_uart.o(i.UART_EndRxTransfer)
    UART_EndRxTransfer                       0x08003cc3   Thumb Code    28  stm32f4xx_hal_uart.o(i.UART_EndRxTransfer)
    i.UART_Receive_IT                        0x08003cde   Section        0  stm32f4xx_hal_uart.o(i.UART_Receive_IT)
    UART_Receive_IT                          0x08003cdf   Thumb Code   150  stm32f4xx_hal_uart.o(i.UART_Receive_IT)
    i.UART_SetConfig                         0x08003d74   Section        0  stm32f4xx_hal_uart.o(i.UART_SetConfig)
    UART_SetConfig                           0x08003d75   Thumb Code   676  stm32f4xx_hal_uart.o(i.UART_SetConfig)
    i.UART_Transmit_IT                       0x08004020   Section        0  stm32f4xx_hal_uart.o(i.UART_Transmit_IT)
    UART_Transmit_IT                         0x08004021   Thumb Code    98  stm32f4xx_hal_uart.o(i.UART_Transmit_IT)
    i.USART1_IRQHandler                      0x08004084   Section        0  stm32f4xx_it.o(i.USART1_IRQHandler)
    i.UsageFault_Handler                     0x08004090   Section        0  stm32f4xx_it.o(i.UsageFault_Handler)
    i.__NVIC_SetPriority                     0x08004092   Section        0  stm32f4xx_hal_cortex.o(i.__NVIC_SetPriority)
    __NVIC_SetPriority                       0x08004093   Thumb Code    32  stm32f4xx_hal_cortex.o(i.__NVIC_SetPriority)
    i.__hardfp___mathlib_tofloat             0x080040b8   Section        0  narrow.o(i.__hardfp___mathlib_tofloat)
    i.__hardfp_atof                          0x080041b0   Section        0  atof.o(i.__hardfp_atof)
    i.__hardfp_ldexp                         0x080041e8   Section        0  ldexp.o(i.__hardfp_ldexp)
    i.__mathlib_dbl_overflow                 0x080042b8   Section        0  dunder.o(i.__mathlib_dbl_overflow)
    i.__mathlib_dbl_underflow                0x080042d8   Section        0  dunder.o(i.__mathlib_dbl_underflow)
    i.__mathlib_narrow                       0x080042f8   Section        0  narrow.o(i.__mathlib_narrow)
    i.__support_ldexp                        0x0800430a   Section        0  ldexp.o(i.__support_ldexp)
    i._is_digit                              0x0800431e   Section        0  scanf_fp.o(i._is_digit)
    i.count                                  0x0800432c   Section        0  tim.o(i.count)
    i.frexp                                  0x080043e0   Section        0  frexp.o(i.frexp)
    i.handle_angle                           0x0800446c   Section        0  motor.o(i.handle_angle)
    i.handle_straight                        0x080044c0   Section        0  motor.o(i.handle_straight)
    i.kalman_init_simple                     0x0800450c   Section        0  simple_kalman.o(i.kalman_init_simple)
    i.main                                   0x08004514   Section        0  main.o(i.main)
    i.pid_position_compute                   0x080046bc   Section        0  pid.o(i.pid_position_compute)
    i.reset_run                              0x08004708   Section        0  motor.o(i.reset_run)
    i.setDataRate                            0x08004750   Section        0  hal_i2c_hmc5883l.o(i.setDataRate)
    i.setMeasurementMode                     0x0800479c   Section        0  hal_i2c_hmc5883l.o(i.setMeasurementMode)
    i.setRange                               0x080047e4   Section        0  hal_i2c_hmc5883l.o(i.setRange)
    i.setSamples                             0x08004874   Section        0  hal_i2c_hmc5883l.o(i.setSamples)
    i.speed_run                              0x080048c0   Section        0  motor.o(i.speed_run)
    locale$$code                             0x08004978   Section       44  lc_numeric_c.o(locale$$code)
    locale$$code                             0x080049a4   Section       44  lc_ctype_c.o(locale$$code)
    x$fpl$d2f                                0x080049d0   Section       98  d2f.o(x$fpl$d2f)
    $v0                                      0x080049d0   Number         0  d2f.o(x$fpl$d2f)
    x$fpl$dcheck1                            0x08004a34   Section       16  dcheck1.o(x$fpl$dcheck1)
    $v0                                      0x08004a34   Number         0  dcheck1.o(x$fpl$dcheck1)
    x$fpl$dcmpinf                            0x08004a44   Section       24  dcmpi.o(x$fpl$dcmpinf)
    $v0                                      0x08004a44   Number         0  dcmpi.o(x$fpl$dcmpinf)
    x$fpl$ddiv                               0x08004a5c   Section      688  ddiv.o(x$fpl$ddiv)
    $v0                                      0x08004a5c   Number         0  ddiv.o(x$fpl$ddiv)
    ddiv_entry                               0x08004a63   Thumb Code     0  ddiv.o(x$fpl$ddiv)
    x$fpl$deqf                               0x08004d0c   Section      120  deqf.o(x$fpl$deqf)
    $v0                                      0x08004d0c   Number         0  deqf.o(x$fpl$deqf)
    x$fpl$dfix                               0x08004d84   Section       94  dfix.o(x$fpl$dfix)
    $v0                                      0x08004d84   Number         0  dfix.o(x$fpl$dfix)
    x$fpl$dflt                               0x08004de2   Section       46  dflt_clz.o(x$fpl$dflt)
    $v0                                      0x08004de2   Number         0  dflt_clz.o(x$fpl$dflt)
    x$fpl$dleqf                              0x08004e10   Section      120  dleqf.o(x$fpl$dleqf)
    $v0                                      0x08004e10   Number         0  dleqf.o(x$fpl$dleqf)
    x$fpl$dmul                               0x08004e88   Section      340  dmul.o(x$fpl$dmul)
    $v0                                      0x08004e88   Number         0  dmul.o(x$fpl$dmul)
    x$fpl$dnaninf                            0x08004fdc   Section      156  dnaninf.o(x$fpl$dnaninf)
    $v0                                      0x08004fdc   Number         0  dnaninf.o(x$fpl$dnaninf)
    x$fpl$dretinf                            0x08005078   Section       12  dretinf.o(x$fpl$dretinf)
    $v0                                      0x08005078   Number         0  dretinf.o(x$fpl$dretinf)
    x$fpl$drleqf                             0x08005084   Section      108  drleqf.o(x$fpl$drleqf)
    $v0                                      0x08005084   Number         0  drleqf.o(x$fpl$drleqf)
    x$fpl$fpinit                             0x080050f0   Section       10  fpinit.o(x$fpl$fpinit)
    $v0                                      0x080050f0   Number         0  fpinit.o(x$fpl$fpinit)
    x$fpl$fretinf                            0x080050fa   Section       10  fretinf.o(x$fpl$fretinf)
    $v0                                      0x080050fa   Number         0  fretinf.o(x$fpl$fretinf)
    x$fpl$ieeestatus                         0x08005104   Section        6  istatus.o(x$fpl$ieeestatus)
    $v0                                      0x08005104   Number         0  istatus.o(x$fpl$ieeestatus)
    x$fpl$retnan                             0x0800510a   Section      100  retnan.o(x$fpl$retnan)
    $v0                                      0x0800510a   Number         0  retnan.o(x$fpl$retnan)
    x$fpl$scalbn                             0x0800516e   Section       92  scalbn.o(x$fpl$scalbn)
    $v0                                      0x0800516e   Number         0  scalbn.o(x$fpl$scalbn)
    x$fpl$scanf1                             0x080051ca   Section        4  scanf1.o(x$fpl$scanf1)
    $v0                                      0x080051ca   Number         0  scanf1.o(x$fpl$scanf1)
    x$fpl$scanf2                             0x080051ce   Section        8  scanf2.o(x$fpl$scanf2)
    $v0                                      0x080051ce   Number         0  scanf2.o(x$fpl$scanf2)
    x$fpl$trapveneer                         0x080051d6   Section       48  trapv.o(x$fpl$trapveneer)
    $v0                                      0x080051d6   Number         0  trapv.o(x$fpl$trapveneer)
    .constdata                               0x08005206   Section       16  system_stm32f4xx.o(.constdata)
    x$fpl$usenofp                            0x08005206   Section        0  usenofp.o(x$fpl$usenofp)
    .constdata                               0x08005216   Section        8  system_stm32f4xx.o(.constdata)
    .constdata                               0x08005220   Section      148  bigflt0.o(.constdata)
    tenpwrs_x                                0x08005220   Data          60  bigflt0.o(.constdata)
    tenpwrs_i                                0x0800525c   Data          64  bigflt0.o(.constdata)
    c$$dinf                                  0x080052d4   Section        8  fpconst.o(c$$dinf)
    c$$dmax                                  0x080052dc   Section        8  fpconst.o(c$$dmax)
    locale$$data                             0x080052e4   Section       28  lc_numeric_c.o(locale$$data)
    __lcnum_c_name                           0x080052e8   Data           2  lc_numeric_c.o(locale$$data)
    __lcnum_c_start                          0x080052f0   Data           0  lc_numeric_c.o(locale$$data)
    __lcnum_c_point                          0x080052fc   Data           0  lc_numeric_c.o(locale$$data)
    __lcnum_c_thousands                      0x080052fe   Data           0  lc_numeric_c.o(locale$$data)
    __lcnum_c_grouping                       0x080052ff   Data           0  lc_numeric_c.o(locale$$data)
    locale$$data                             0x08005300   Section      272  lc_ctype_c.o(locale$$data)
    __lcnum_c_end                            0x08005300   Data           0  lc_numeric_c.o(locale$$data)
    __lcctype_c_name                         0x08005304   Data           2  lc_ctype_c.o(locale$$data)
    __lcctype_c_start                        0x0800530c   Data           0  lc_ctype_c.o(locale$$data)
    __lcctype_c_end                          0x08005410   Data           0  lc_ctype_c.o(locale$$data)
    .data                                    0x20000000   Section       20  hal_i2c_hmc5883l.o(.data)
    .data                                    0x20000014   Section       12  main.o(.data)
    .data                                    0x20000020   Section        4  main.o(.data)
    .data                                    0x20000024   Section        4  main.o(.data)
    .data                                    0x20000028   Section        4  main.o(.data)
    .data                                    0x2000002c   Section        2  main.o(.data)
    .data                                    0x20000030   Section       20  tim.o(.data)
    .data                                    0x20000044   Section       12  stm32f4xx_hal.o(.data)
    .data                                    0x20000050   Section        4  system_stm32f4xx.o(.data)
    .data                                    0x20000054   Section        4  strtok.o(.data)
    _strtok_saves1                           0x20000054   Data           4  strtok.o(.data)
    .bss                                     0x20000058   Section       12  main.o(.bss)
    .bss                                     0x20000064   Section      220  main.o(.bss)
    .bss                                     0x20000140   Section       84  i2c.o(.bss)
    .bss                                     0x20000194   Section      256  tim.o(.bss)
    .bss                                     0x20000294   Section       64  usart.o(.bss)
    .bss                                     0x200002d4   Section       96  libspace.o(.bss)
    HEAP                                     0x20000338   Section      512  startup_stm32f401xc.o(HEAP)
    Heap_Mem                                 0x20000338   Data         512  startup_stm32f401xc.o(HEAP)
    STACK                                    0x20000538   Section     1024  startup_stm32f401xc.o(STACK)
    Stack_Mem                                0x20000538   Data        1024  startup_stm32f401xc.o(STACK)
    __initial_sp                             0x20000938   Data           0  startup_stm32f401xc.o(STACK)

    Global Symbols

    Symbol Name                              Value     Ov Type        Size  Object(Section)

    BuildAttributes$$THM_ISAv4$E$P$D$K$B$S$7EM$VFPi3$EXTD16$VFPS$VFMA$PE$A:L22UL41UL21$X:L11$S22US41US21$IEEE1$IW$USESV6$~STKCKD$USESV7$~SHL$OTIME$ROPI$IEEEX$EBA8$UX$STANDARDLIB$REQ8$PRES8$EABIv2 0x00000000   Number         0  anon$$obj.o ABSOLUTE
    __ARM_use_no_argv                        0x00000000   Number         0  main.o ABSOLUTE
    __ARM_exceptions_init                     - Undefined Weak Reference
    __alloca_initialize                       - Undefined Weak Reference
    __arm_preinit_                            - Undefined Weak Reference
    __cpp_initialize__aeabi_                  - Undefined Weak Reference
    __cxa_finalize                            - Undefined Weak Reference
    __sigvec_lookup                           - Undefined Weak Reference
    _atexit_init                              - Undefined Weak Reference
    _call_atexit_fns                          - Undefined Weak Reference
    _clock_init                               - Undefined Weak Reference
    _fp_trap_init                             - Undefined Weak Reference
    _fp_trap_shutdown                         - Undefined Weak Reference
    _get_lc_collate                           - Undefined Weak Reference
    _get_lc_monetary                          - Undefined Weak Reference
    _get_lc_time                              - Undefined Weak Reference
    _getenv_init                              - Undefined Weak Reference
    _handle_redirection                       - Undefined Weak Reference
    _init_alloc                               - Undefined Weak Reference
    _init_user_alloc                          - Undefined Weak Reference
    _initio                                   - Undefined Weak Reference
    _rand_init                                - Undefined Weak Reference
    _signal_finish                            - Undefined Weak Reference
    _signal_init                              - Undefined Weak Reference
    _terminate_alloc                          - Undefined Weak Reference
    _terminate_user_alloc                     - Undefined Weak Reference
    _terminateio                              - Undefined Weak Reference
    __Vectors_Size                           0x00000194   Number         0  startup_stm32f401xc.o ABSOLUTE
    __Vectors                                0x08000000   Data           4  startup_stm32f401xc.o(RESET)
    __Vectors_End                            0x08000194   Data           0  startup_stm32f401xc.o(RESET)
    __main                                   0x08000195   Thumb Code     8  __main.o(!!!main)
    __scatterload                            0x0800019d   Thumb Code     0  __scatter.o(!!!scatter)
    __scatterload_rt2                        0x0800019d   Thumb Code    44  __scatter.o(!!!scatter)
    __scatterload_rt2_thumb_only             0x0800019d   Thumb Code     0  __scatter.o(!!!scatter)
    __scatterload_null                       0x080001ab   Thumb Code     0  __scatter.o(!!!scatter)
    __scatterload_copy                       0x080001d1   Thumb Code    26  __scatter_copy.o(!!handler_copy)
    __scatterload_zeroinit                   0x080001ed   Thumb Code    28  __scatter_zi.o(!!handler_zi)
    __rt_lib_init                            0x08000209   Thumb Code     0  libinit.o(.ARM.Collect$$libinit$$00000000)
    __rt_lib_init_fp_1                       0x0800020b   Thumb Code     0  libinit2.o(.ARM.Collect$$libinit$$00000001)
    __rt_lib_init_heap_1                     0x0800020f   Thumb Code     0  libinit2.o(.ARM.Collect$$libinit$$0000000A)
    __rt_lib_init_lc_common                  0x0800020f   Thumb Code     0  libinit2.o(.ARM.Collect$$libinit$$0000000F)
    __rt_lib_init_preinit_1                  0x0800020f   Thumb Code     0  libinit2.o(.ARM.Collect$$libinit$$00000004)
    __rt_lib_init_rand_1                     0x0800020f   Thumb Code     0  libinit2.o(.ARM.Collect$$libinit$$0000000E)
    __rt_lib_init_user_alloc_1               0x0800020f   Thumb Code     0  libinit2.o(.ARM.Collect$$libinit$$0000000C)
    __rt_lib_init_lc_collate_1               0x08000215   Thumb Code     0  libinit2.o(.ARM.Collect$$libinit$$00000011)
    __rt_lib_init_lc_ctype_2                 0x08000215   Thumb Code     0  libinit2.o(.ARM.Collect$$libinit$$00000012)
    __rt_lib_init_lc_ctype_1                 0x08000221   Thumb Code     0  libinit2.o(.ARM.Collect$$libinit$$00000013)
    __rt_lib_init_lc_monetary_1              0x08000221   Thumb Code     0  libinit2.o(.ARM.Collect$$libinit$$00000015)
    __rt_lib_init_lc_numeric_2               0x08000221   Thumb Code     0  libinit2.o(.ARM.Collect$$libinit$$00000016)
    __rt_lib_init_alloca_1                   0x0800022b   Thumb Code     0  libinit2.o(.ARM.Collect$$libinit$$0000002E)
    __rt_lib_init_argv_1                     0x0800022b   Thumb Code     0  libinit2.o(.ARM.Collect$$libinit$$0000002C)
    __rt_lib_init_atexit_1                   0x0800022b   Thumb Code     0  libinit2.o(.ARM.Collect$$libinit$$0000001B)
    __rt_lib_init_clock_1                    0x0800022b   Thumb Code     0  libinit2.o(.ARM.Collect$$libinit$$00000021)
    __rt_lib_init_cpp_1                      0x0800022b   Thumb Code     0  libinit2.o(.ARM.Collect$$libinit$$00000032)
    __rt_lib_init_exceptions_1               0x0800022b   Thumb Code     0  libinit2.o(.ARM.Collect$$libinit$$00000030)
    __rt_lib_init_fp_trap_1                  0x0800022b   Thumb Code     0  libinit2.o(.ARM.Collect$$libinit$$0000001F)
    __rt_lib_init_getenv_1                   0x0800022b   Thumb Code     0  libinit2.o(.ARM.Collect$$libinit$$00000023)
    __rt_lib_init_lc_numeric_1               0x0800022b   Thumb Code     0  libinit2.o(.ARM.Collect$$libinit$$00000017)
    __rt_lib_init_lc_time_1                  0x0800022b   Thumb Code     0  libinit2.o(.ARM.Collect$$libinit$$00000019)
    __rt_lib_init_return                     0x0800022b   Thumb Code     0  libinit2.o(.ARM.Collect$$libinit$$00000033)
    __rt_lib_init_signal_1                   0x0800022b   Thumb Code     0  libinit2.o(.ARM.Collect$$libinit$$0000001D)
    __rt_lib_init_stdio_1                    0x0800022b   Thumb Code     0  libinit2.o(.ARM.Collect$$libinit$$00000025)
    __rt_lib_shutdown                        0x0800022d   Thumb Code     0  libshutdown.o(.ARM.Collect$$libshutdown$$00000000)
    __rt_lib_shutdown_cpp_1                  0x0800022f   Thumb Code     0  libshutdown2.o(.ARM.Collect$$libshutdown$$00000002)
    __rt_lib_shutdown_fp_trap_1              0x0800022f   Thumb Code     0  libshutdown2.o(.ARM.Collect$$libshutdown$$00000007)
    __rt_lib_shutdown_heap_1                 0x0800022f   Thumb Code     0  libshutdown2.o(.ARM.Collect$$libshutdown$$0000000F)
    __rt_lib_shutdown_return                 0x0800022f   Thumb Code     0  libshutdown2.o(.ARM.Collect$$libshutdown$$00000010)
    __rt_lib_shutdown_signal_1               0x0800022f   Thumb Code     0  libshutdown2.o(.ARM.Collect$$libshutdown$$0000000A)
    __rt_lib_shutdown_stdio_1                0x0800022f   Thumb Code     0  libshutdown2.o(.ARM.Collect$$libshutdown$$00000004)
    __rt_lib_shutdown_user_alloc_1           0x0800022f   Thumb Code     0  libshutdown2.o(.ARM.Collect$$libshutdown$$0000000C)
    __rt_entry                               0x08000231   Thumb Code     0  __rtentry.o(.ARM.Collect$$rtentry$$00000000)
    __rt_entry_presh_1                       0x08000231   Thumb Code     0  __rtentry2.o(.ARM.Collect$$rtentry$$00000002)
    __rt_entry_sh                            0x08000231   Thumb Code     0  __rtentry4.o(.ARM.Collect$$rtentry$$00000004)
    __rt_entry_li                            0x08000237   Thumb Code     0  __rtentry2.o(.ARM.Collect$$rtentry$$0000000A)
    __rt_entry_postsh_1                      0x08000237   Thumb Code     0  __rtentry2.o(.ARM.Collect$$rtentry$$00000009)
    __rt_entry_main                          0x0800023b   Thumb Code     0  __rtentry2.o(.ARM.Collect$$rtentry$$0000000D)
    __rt_entry_postli_1                      0x0800023b   Thumb Code     0  __rtentry2.o(.ARM.Collect$$rtentry$$0000000C)
    __rt_exit                                0x08000243   Thumb Code     0  rtexit.o(.ARM.Collect$$rtexit$$00000000)
    __rt_exit_ls                             0x08000245   Thumb Code     0  rtexit2.o(.ARM.Collect$$rtexit$$00000003)
    __rt_exit_prels_1                        0x08000245   Thumb Code     0  rtexit2.o(.ARM.Collect$$rtexit$$00000002)
    __rt_exit_exit                           0x08000249   Thumb Code     0  rtexit2.o(.ARM.Collect$$rtexit$$00000004)
    Reset_Handler                            0x08000251   Thumb Code     8  startup_stm32f401xc.o(.text)
    ADC_IRQHandler                           0x0800026b   Thumb Code     0  startup_stm32f401xc.o(.text)
    DMA1_Stream0_IRQHandler                  0x0800026b   Thumb Code     0  startup_stm32f401xc.o(.text)
    DMA1_Stream1_IRQHandler                  0x0800026b   Thumb Code     0  startup_stm32f401xc.o(.text)
    DMA1_Stream2_IRQHandler                  0x0800026b   Thumb Code     0  startup_stm32f401xc.o(.text)
    DMA1_Stream3_IRQHandler                  0x0800026b   Thumb Code     0  startup_stm32f401xc.o(.text)
    DMA1_Stream4_IRQHandler                  0x0800026b   Thumb Code     0  startup_stm32f401xc.o(.text)
    DMA1_Stream5_IRQHandler                  0x0800026b   Thumb Code     0  startup_stm32f401xc.o(.text)
    DMA1_Stream6_IRQHandler                  0x0800026b   Thumb Code     0  startup_stm32f401xc.o(.text)
    DMA1_Stream7_IRQHandler                  0x0800026b   Thumb Code     0  startup_stm32f401xc.o(.text)
    DMA2_Stream0_IRQHandler                  0x0800026b   Thumb Code     0  startup_stm32f401xc.o(.text)
    DMA2_Stream1_IRQHandler                  0x0800026b   Thumb Code     0  startup_stm32f401xc.o(.text)
    DMA2_Stream2_IRQHandler                  0x0800026b   Thumb Code     0  startup_stm32f401xc.o(.text)
    DMA2_Stream3_IRQHandler                  0x0800026b   Thumb Code     0  startup_stm32f401xc.o(.text)
    DMA2_Stream4_IRQHandler                  0x0800026b   Thumb Code     0  startup_stm32f401xc.o(.text)
    DMA2_Stream5_IRQHandler                  0x0800026b   Thumb Code     0  startup_stm32f401xc.o(.text)
    DMA2_Stream6_IRQHandler                  0x0800026b   Thumb Code     0  startup_stm32f401xc.o(.text)
    DMA2_Stream7_IRQHandler                  0x0800026b   Thumb Code     0  startup_stm32f401xc.o(.text)
    EXTI0_IRQHandler                         0x0800026b   Thumb Code     0  startup_stm32f401xc.o(.text)
    EXTI15_10_IRQHandler                     0x0800026b   Thumb Code     0  startup_stm32f401xc.o(.text)
    EXTI1_IRQHandler                         0x0800026b   Thumb Code     0  startup_stm32f401xc.o(.text)
    EXTI2_IRQHandler                         0x0800026b   Thumb Code     0  startup_stm32f401xc.o(.text)
    EXTI3_IRQHandler                         0x0800026b   Thumb Code     0  startup_stm32f401xc.o(.text)
    EXTI4_IRQHandler                         0x0800026b   Thumb Code     0  startup_stm32f401xc.o(.text)
    EXTI9_5_IRQHandler                       0x0800026b   Thumb Code     0  startup_stm32f401xc.o(.text)
    FLASH_IRQHandler                         0x0800026b   Thumb Code     0  startup_stm32f401xc.o(.text)
    FPU_IRQHandler                           0x0800026b   Thumb Code     0  startup_stm32f401xc.o(.text)
    I2C1_ER_IRQHandler                       0x0800026b   Thumb Code     0  startup_stm32f401xc.o(.text)
    I2C1_EV_IRQHandler                       0x0800026b   Thumb Code     0  startup_stm32f401xc.o(.text)
    I2C2_ER_IRQHandler                       0x0800026b   Thumb Code     0  startup_stm32f401xc.o(.text)
    I2C2_EV_IRQHandler                       0x0800026b   Thumb Code     0  startup_stm32f401xc.o(.text)
    I2C3_ER_IRQHandler                       0x0800026b   Thumb Code     0  startup_stm32f401xc.o(.text)
    I2C3_EV_IRQHandler                       0x0800026b   Thumb Code     0  startup_stm32f401xc.o(.text)
    OTG_FS_IRQHandler                        0x0800026b   Thumb Code     0  startup_stm32f401xc.o(.text)
    OTG_FS_WKUP_IRQHandler                   0x0800026b   Thumb Code     0  startup_stm32f401xc.o(.text)
    PVD_IRQHandler                           0x0800026b   Thumb Code     0  startup_stm32f401xc.o(.text)
    RCC_IRQHandler                           0x0800026b   Thumb Code     0  startup_stm32f401xc.o(.text)
    RTC_Alarm_IRQHandler                     0x0800026b   Thumb Code     0  startup_stm32f401xc.o(.text)
    RTC_WKUP_IRQHandler                      0x0800026b   Thumb Code     0  startup_stm32f401xc.o(.text)
    SDIO_IRQHandler                          0x0800026b   Thumb Code     0  startup_stm32f401xc.o(.text)
    SPI1_IRQHandler                          0x0800026b   Thumb Code     0  startup_stm32f401xc.o(.text)
    SPI2_IRQHandler                          0x0800026b   Thumb Code     0  startup_stm32f401xc.o(.text)
    SPI3_IRQHandler                          0x0800026b   Thumb Code     0  startup_stm32f401xc.o(.text)
    SPI4_IRQHandler                          0x0800026b   Thumb Code     0  startup_stm32f401xc.o(.text)
    TAMP_STAMP_IRQHandler                    0x0800026b   Thumb Code     0  startup_stm32f401xc.o(.text)
    TIM1_BRK_TIM9_IRQHandler                 0x0800026b   Thumb Code     0  startup_stm32f401xc.o(.text)
    TIM1_CC_IRQHandler                       0x0800026b   Thumb Code     0  startup_stm32f401xc.o(.text)
    TIM1_TRG_COM_TIM11_IRQHandler            0x0800026b   Thumb Code     0  startup_stm32f401xc.o(.text)
    TIM1_UP_TIM10_IRQHandler                 0x0800026b   Thumb Code     0  startup_stm32f401xc.o(.text)
    TIM3_IRQHandler                          0x0800026b   Thumb Code     0  startup_stm32f401xc.o(.text)
    TIM4_IRQHandler                          0x0800026b   Thumb Code     0  startup_stm32f401xc.o(.text)
    TIM5_IRQHandler                          0x0800026b   Thumb Code     0  startup_stm32f401xc.o(.text)
    USART2_IRQHandler                        0x0800026b   Thumb Code     0  startup_stm32f401xc.o(.text)
    USART6_IRQHandler                        0x0800026b   Thumb Code     0  startup_stm32f401xc.o(.text)
    WWDG_IRQHandler                          0x0800026b   Thumb Code     0  startup_stm32f401xc.o(.text)
    __user_initial_stackheap                 0x0800026d   Thumb Code     0  startup_stm32f401xc.o(.text)
    __aeabi_uldivmod                         0x08000291   Thumb Code     0  lludivv7m.o(.text)
    _ll_udiv                                 0x08000291   Thumb Code   238  lludivv7m.o(.text)
    strtok                                   0x08000381   Thumb Code     6  strtok.o(.text)
    __aeabi_memclr4                          0x0800038d   Thumb Code     0  rt_memclr_w.o(.text)
    __aeabi_memclr8                          0x0800038d   Thumb Code     0  rt_memclr_w.o(.text)
    __rt_memclr_w                            0x0800038d   Thumb Code    78  rt_memclr_w.o(.text)
    _memset_w                                0x08000391   Thumb Code     0  rt_memclr_w.o(.text)
    __use_two_region_memory                  0x080003db   Thumb Code     2  heapauxi.o(.text)
    __rt_heap_escrow$2region                 0x080003dd   Thumb Code     2  heapauxi.o(.text)
    __rt_heap_expand$2region                 0x080003df   Thumb Code     2  heapauxi.o(.text)
    __read_errno                             0x080003e1   Thumb Code    10  _rserrno.o(.text)
    __set_errno                              0x080003eb   Thumb Code    12  _rserrno.o(.text)
    __strtod_int                             0x08000435   Thumb Code    90  strtod.o(.text)
    __strtok_internal                        0x0800049d   Thumb Code    64  strtok_int.o(.text)
    __aeabi_errno_addr                       0x080004e1   Thumb Code     8  rt_errno_addr_intlibspace.o(.text)
    __errno$intlibspace                      0x080004e1   Thumb Code     0  rt_errno_addr_intlibspace.o(.text)
    __rt_errno_addr$intlibspace              0x080004e1   Thumb Code     0  rt_errno_addr_intlibspace.o(.text)
    isspace                                  0x080004e9   Thumb Code    18  isspace.o(.text)
    _sgetc                                   0x080004fb   Thumb Code    30  _sgetc.o(.text)
    _sbackspace                              0x08000519   Thumb Code    34  _sgetc.o(.text)
    strcspn                                  0x0800053b   Thumb Code    32  strcspn.o(.text)
    strspn                                   0x0800055b   Thumb Code    28  strspn.o(.text)
    __user_libspace                          0x08000579   Thumb Code     8  libspace.o(.text)
    __user_perproc_libspace                  0x08000579   Thumb Code     0  libspace.o(.text)
    __user_perthread_libspace                0x08000579   Thumb Code     0  libspace.o(.text)
    __user_setup_stackheap                   0x08000581   Thumb Code    74  sys_stackheap_outer.o(.text)
    __rt_ctype_table                         0x080005cd   Thumb Code    16  rt_ctype_table.o(.text)
    _scanf_really_real                       0x08000829   Thumb Code   684  scanf_fp.o(.text)
    exit                                     0x08000ad5   Thumb Code    18  exit.o(.text)
    strcmp                                   0x08000ae9   Thumb Code   128  strcmpv7m.o(.text)
    __rt_locale                              0x08000b69   Thumb Code     8  rt_locale_intlibspace.o(.text)
    _btod_etento                             0x08000b71   Thumb Code   224  bigflt0.o(.text)
    _sys_exit                                0x08000c55   Thumb Code     8  sys_exit.o(.text)
    _scanf_really_hex_real                   0x08000c61   Thumb Code   786  scanf_hexfp.o(.text)
    _scanf_really_infnan                     0x08000f81   Thumb Code   292  scanf_infnan.o(.text)
    __I$use$semihosting                      0x080010b5   Thumb Code     0  use_no_semi.o(.text)
    __use_no_semihosting_swi                 0x080010b5   Thumb Code     2  use_no_semi.o(.text)
    __aeabi_llsl                             0x080010b7   Thumb Code     0  llshl.o(.text)
    __semihosting_library_function           0x080010b7   Thumb Code     0  indicate_semi.o(.text)
    _ll_shift_l                              0x080010b7   Thumb Code    38  llshl.o(.text)
    _chval                                   0x080010dd   Thumb Code    28  _chval.o(.text)
    __btod_div_common                        0x080010f9   Thumb Code   696  btod.o(CL$$btod_div_common)
    _e2d                                     0x08001431   Thumb Code   122  btod.o(CL$$btod_e2d)
    _e2e                                     0x080014b5   Thumb Code   220  btod.o(CL$$btod_e2e)
    _btod_ediv                               0x08001591   Thumb Code    42  btod.o(CL$$btod_ediv)
    _btod_edivd                              0x080015bb   Thumb Code    42  btod.o(CL$$btod_edivd)
    _btod_emul                               0x080015e5   Thumb Code    42  btod.o(CL$$btod_emul)
    _btod_emuld                              0x0800160f   Thumb Code    42  btod.o(CL$$btod_emuld)
    __btod_mult_common                       0x08001639   Thumb Code   580  btod.o(CL$$btod_mult_common)
    BusFault_Handler                         0x0800187d   Thumb Code     2  stm32f4xx_it.o(i.BusFault_Handler)
    DebugMon_Handler                         0x0800187f   Thumb Code     2  stm32f4xx_it.o(i.DebugMon_Handler)
    Error_Handler                            0x08001881   Thumb Code     2  main.o(i.Error_Handler)
    HAL_DMA_Abort_IT                         0x08001883   Thumb Code    36  stm32f4xx_hal_dma.o(i.HAL_DMA_Abort_IT)
    HAL_Delay                                0x080018a9   Thumb Code    32  stm32f4xx_hal.o(i.HAL_Delay)
    HAL_GPIO_Init                            0x080018cd   Thumb Code   358  stm32f4xx_hal_gpio.o(i.HAL_GPIO_Init)
    HAL_GPIO_ReadPin                         0x08001a55   Thumb Code    10  stm32f4xx_hal_gpio.o(i.HAL_GPIO_ReadPin)
    HAL_GPIO_WritePin                        0x08001a5f   Thumb Code    10  stm32f4xx_hal_gpio.o(i.HAL_GPIO_WritePin)
    HAL_GetTick                              0x08001a69   Thumb Code     6  stm32f4xx_hal.o(i.HAL_GetTick)
    HAL_I2C_Init                             0x08001a75   Thumb Code   356  stm32f4xx_hal_i2c.o(i.HAL_I2C_Init)
    HAL_I2C_Mem_Read                         0x08001be9   Thumb Code   490  stm32f4xx_hal_i2c.o(i.HAL_I2C_Mem_Read)
    HAL_I2C_Mem_Write                        0x08001de1   Thumb Code   294  stm32f4xx_hal_i2c.o(i.HAL_I2C_Mem_Write)
    HAL_I2C_MspInit                          0x08001f11   Thumb Code    94  i2c.o(i.HAL_I2C_MspInit)
    HAL_IncTick                              0x08001f7d   Thumb Code    12  stm32f4xx_hal.o(i.HAL_IncTick)
    HAL_Init                                 0x08001f8d   Thumb Code    48  stm32f4xx_hal.o(i.HAL_Init)
    HAL_InitTick                             0x08001fc1   Thumb Code    54  stm32f4xx_hal.o(i.HAL_InitTick)
    HAL_MspInit                              0x08002001   Thumb Code    42  stm32f4xx_hal_msp.o(i.HAL_MspInit)
    HAL_NVIC_EnableIRQ                       0x08002031   Thumb Code    26  stm32f4xx_hal_cortex.o(i.HAL_NVIC_EnableIRQ)
    HAL_NVIC_SetPriority                     0x0800204d   Thumb Code    60  stm32f4xx_hal_cortex.o(i.HAL_NVIC_SetPriority)
    HAL_NVIC_SetPriorityGrouping             0x0800208d   Thumb Code    26  stm32f4xx_hal_cortex.o(i.HAL_NVIC_SetPriorityGrouping)
    HAL_RCC_ClockConfig                      0x080020b1   Thumb Code   286  stm32f4xx_hal_rcc.o(i.HAL_RCC_ClockConfig)
    HAL_RCC_GetPCLK1Freq                     0x080021e1   Thumb Code    20  stm32f4xx_hal_rcc.o(i.HAL_RCC_GetPCLK1Freq)
    HAL_RCC_GetPCLK2Freq                     0x08002201   Thumb Code    20  stm32f4xx_hal_rcc.o(i.HAL_RCC_GetPCLK2Freq)
    HAL_RCC_GetSysClockFreq                  0x08002221   Thumb Code    88  stm32f4xx_hal_rcc.o(i.HAL_RCC_GetSysClockFreq)
    HAL_RCC_OscConfig                        0x08002285   Thumb Code   770  stm32f4xx_hal_rcc.o(i.HAL_RCC_OscConfig)
    HAL_SYSTICK_Config                       0x080025a1   Thumb Code    40  stm32f4xx_hal_cortex.o(i.HAL_SYSTICK_Config)
    HAL_TIMEx_BreakCallback                  0x080025c9   Thumb Code     2  stm32f4xx_hal_tim_ex.o(i.HAL_TIMEx_BreakCallback)
    HAL_TIMEx_CommutCallback                 0x080025cb   Thumb Code     2  stm32f4xx_hal_tim_ex.o(i.HAL_TIMEx_CommutCallback)
    HAL_TIMEx_MasterConfigSynchronization    0x080025cd   Thumb Code    66  stm32f4xx_hal_tim_ex.o(i.HAL_TIMEx_MasterConfigSynchronization)
    HAL_TIM_Base_Init                        0x0800260f   Thumb Code    54  stm32f4xx_hal_tim.o(i.HAL_TIM_Base_Init)
    HAL_TIM_Base_MspInit                     0x08002645   Thumb Code    50  tim.o(i.HAL_TIM_Base_MspInit)
    HAL_TIM_Base_Start_IT                    0x0800267d   Thumb Code    34  stm32f4xx_hal_tim.o(i.HAL_TIM_Base_Start_IT)
    HAL_TIM_ConfigClockSource                0x0800269f   Thumb Code   214  stm32f4xx_hal_tim.o(i.HAL_TIM_ConfigClockSource)
    HAL_TIM_Encoder_Init                     0x08002775   Thumb Code   152  stm32f4xx_hal_tim.o(i.HAL_TIM_Encoder_Init)
    HAL_TIM_Encoder_MspInit                  0x0800280d   Thumb Code   144  tim.o(i.HAL_TIM_Encoder_MspInit)
    HAL_TIM_Encoder_Start                    0x080028b1   Thumb Code    52  stm32f4xx_hal_tim.o(i.HAL_TIM_Encoder_Start)
    HAL_TIM_IC_CaptureCallback               0x080028e5   Thumb Code     2  stm32f4xx_hal_tim.o(i.HAL_TIM_IC_CaptureCallback)
    HAL_TIM_IRQHandler                       0x080028e7   Thumb Code   358  stm32f4xx_hal_tim.o(i.HAL_TIM_IRQHandler)
    HAL_TIM_MspPostInit                      0x08002a4d   Thumb Code    70  tim.o(i.HAL_TIM_MspPostInit)
    HAL_TIM_OC_DelayElapsedCallback          0x08002aa1   Thumb Code     2  stm32f4xx_hal_tim.o(i.HAL_TIM_OC_DelayElapsedCallback)
    HAL_TIM_PWM_ConfigChannel                0x08002aa3   Thumb Code   208  stm32f4xx_hal_tim.o(i.HAL_TIM_PWM_ConfigChannel)
    HAL_TIM_PWM_Init                         0x08002b73   Thumb Code    54  stm32f4xx_hal_tim.o(i.HAL_TIM_PWM_Init)
    HAL_TIM_PWM_MspInit                      0x08002ba9   Thumb Code    30  tim.o(i.HAL_TIM_PWM_MspInit)
    HAL_TIM_PWM_PulseFinishedCallback        0x08002bd1   Thumb Code     2  stm32f4xx_hal_tim.o(i.HAL_TIM_PWM_PulseFinishedCallback)
    HAL_TIM_PWM_Start                        0x08002bd5   Thumb Code    52  stm32f4xx_hal_tim.o(i.HAL_TIM_PWM_Start)
    HAL_TIM_PeriodElapsedCallback            0x08002c0d   Thumb Code   378  tim.o(i.HAL_TIM_PeriodElapsedCallback)
    HAL_TIM_TriggerCallback                  0x08002dc9   Thumb Code     2  stm32f4xx_hal_tim.o(i.HAL_TIM_TriggerCallback)
    HAL_UART_ErrorCallback                   0x08002dcb   Thumb Code     2  stm32f4xx_hal_uart.o(i.HAL_UART_ErrorCallback)
    HAL_UART_IRQHandler                      0x08002dcd   Thumb Code   266  stm32f4xx_hal_uart.o(i.HAL_UART_IRQHandler)
    HAL_UART_Init                            0x08002edd   Thumb Code    98  stm32f4xx_hal_uart.o(i.HAL_UART_Init)
    HAL_UART_MspInit                         0x08002f41   Thumb Code   110  usart.o(i.HAL_UART_MspInit)
    HAL_UART_Receive_IT                      0x08002fbd   Thumb Code    82  stm32f4xx_hal_uart.o(i.HAL_UART_Receive_IT)
    HAL_UART_RxCpltCallback                  0x08003011   Thumb Code   136  main.o(i.HAL_UART_RxCpltCallback)
    HAL_UART_TxCpltCallback                  0x080030b1   Thumb Code     2  stm32f4xx_hal_uart.o(i.HAL_UART_TxCpltCallback)
    HMC5883L_initialize                      0x080030b5   Thumb Code    60  hal_i2c_hmc5883l.o(i.HMC5883L_initialize)
    HardFault_Handler                        0x080030f5   Thumb Code     2  stm32f4xx_it.o(i.HardFault_Handler)
    MPU6050_ByPass                           0x0800349d   Thumb Code    66  hal_i2c_mpu6050.o(i.MPU6050_ByPass)
    MPU6050_Init                             0x080034df   Thumb Code   164  hal_i2c_mpu6050.o(i.MPU6050_Init)
    MPU6050_Read_Gyro                        0x08003585   Thumb Code   206  hal_i2c_mpu6050.o(i.MPU6050_Read_Gyro)
    MX_GPIO_Init                             0x08003669   Thumb Code   202  gpio.o(i.MX_GPIO_Init)
    MX_I2C1_Init                             0x08003741   Thumb Code    50  i2c.o(i.MX_I2C1_Init)
    MX_TIM2_Init                             0x08003781   Thumb Code    96  tim.o(i.MX_TIM2_Init)
    MX_TIM3_Init                             0x080037e5   Thumb Code   100  tim.o(i.MX_TIM3_Init)
    MX_TIM4_Init                             0x08003851   Thumb Code   100  tim.o(i.MX_TIM4_Init)
    MX_TIM9_Init                             0x080038bd   Thumb Code    98  tim.o(i.MX_TIM9_Init)
    MX_USART1_UART_Init                      0x08003929   Thumb Code    48  usart.o(i.MX_USART1_UART_Init)
    MemManage_Handler                        0x08003961   Thumb Code     2  stm32f4xx_it.o(i.MemManage_Handler)
    NMI_Handler                              0x08003963   Thumb Code     2  stm32f4xx_it.o(i.NMI_Handler)
    PendSV_Handler                           0x08003965   Thumb Code     2  stm32f4xx_it.o(i.PendSV_Handler)
    SVC_Handler                              0x08003967   Thumb Code     2  stm32f4xx_it.o(i.SVC_Handler)
    SysTick_Handler                          0x08003969   Thumb Code     4  stm32f4xx_it.o(i.SysTick_Handler)
    SystemClock_Config                       0x0800396d   Thumb Code   124  main.o(i.SystemClock_Config)
    SystemInit                               0x080039f1   Thumb Code    66  system_stm32f4xx.o(i.SystemInit)
    TIM2_IRQHandler                          0x08003a45   Thumb Code     6  stm32f4xx_it.o(i.TIM2_IRQHandler)
    TIM_Base_SetConfig                       0x08003a51   Thumb Code   122  stm32f4xx_hal_tim.o(i.TIM_Base_SetConfig)
    TIM_CCxChannelCmd                        0x08003ae9   Thumb Code    26  stm32f4xx_hal_tim.o(i.TIM_CCxChannelCmd)
    TIM_ETR_SetConfig                        0x08003b03   Thumb Code    20  stm32f4xx_hal_tim.o(i.TIM_ETR_SetConfig)
    TIM_OC2_SetConfig                        0x08003b79   Thumb Code    84  stm32f4xx_hal_tim.o(i.TIM_OC2_SetConfig)
    USART1_IRQHandler                        0x08004085   Thumb Code     6  stm32f4xx_it.o(i.USART1_IRQHandler)
    UsageFault_Handler                       0x08004091   Thumb Code     2  stm32f4xx_it.o(i.UsageFault_Handler)
    __hardfp___mathlib_tofloat               0x080040b9   Thumb Code   232  narrow.o(i.__hardfp___mathlib_tofloat)
    __hardfp_atof                            0x080041b1   Thumb Code    44  atof.o(i.__hardfp_atof)
    __hardfp_ldexp                           0x080041e9   Thumb Code   200  ldexp.o(i.__hardfp_ldexp)
    __mathlib_dbl_overflow                   0x080042b9   Thumb Code    24  dunder.o(i.__mathlib_dbl_overflow)
    __mathlib_dbl_underflow                  0x080042d9   Thumb Code    24  dunder.o(i.__mathlib_dbl_underflow)
    __mathlib_narrow                         0x080042f9   Thumb Code    18  narrow.o(i.__mathlib_narrow)
    __support_ldexp                          0x0800430b   Thumb Code    20  ldexp.o(i.__support_ldexp)
    _is_digit                                0x0800431f   Thumb Code    14  scanf_fp.o(i._is_digit)
    count                                    0x0800432d   Thumb Code   156  tim.o(i.count)
    frexp                                    0x080043e1   Thumb Code   118  frexp.o(i.frexp)
    handle_angle                             0x0800446d   Thumb Code    74  motor.o(i.handle_angle)
    handle_straight                          0x080044c1   Thumb Code    66  motor.o(i.handle_straight)
    kalman_init_simple                       0x0800450d   Thumb Code     6  simple_kalman.o(i.kalman_init_simple)
    main                                     0x08004515   Thumb Code   354  main.o(i.main)
    pid_position_compute                     0x080046bd   Thumb Code    76  pid.o(i.pid_position_compute)
    reset_run                                0x08004709   Thumb Code    44  motor.o(i.reset_run)
    setDataRate                              0x08004751   Thumb Code    70  hal_i2c_hmc5883l.o(i.setDataRate)
    setMeasurementMode                       0x0800479d   Thumb Code    68  hal_i2c_hmc5883l.o(i.setMeasurementMode)
    setRange                                 0x080047e5   Thumb Code   102  hal_i2c_hmc5883l.o(i.setRange)
    setSamples                               0x08004875   Thumb Code    70  hal_i2c_hmc5883l.o(i.setSamples)
    speed_run                                0x080048c1   Thumb Code   170  motor.o(i.speed_run)
    _get_lc_numeric                          0x08004979   Thumb Code    44  lc_numeric_c.o(locale$$code)
    _get_lc_ctype                            0x080049a5   Thumb Code    44  lc_ctype_c.o(locale$$code)
    __aeabi_d2f                              0x080049d1   Thumb Code     0  d2f.o(x$fpl$d2f)
    _d2f                                     0x080049d1   Thumb Code    98  d2f.o(x$fpl$d2f)
    __fpl_dcheck_NaN1                        0x08004a35   Thumb Code    10  dcheck1.o(x$fpl$dcheck1)
    __fpl_dcmp_Inf                           0x08004a45   Thumb Code    24  dcmpi.o(x$fpl$dcmpinf)
    __aeabi_ddiv                             0x08004a5d   Thumb Code     0  ddiv.o(x$fpl$ddiv)
    _ddiv                                    0x08004a5d   Thumb Code   552  ddiv.o(x$fpl$ddiv)
    __aeabi_cdcmpeq                          0x08004d0d   Thumb Code     0  deqf.o(x$fpl$deqf)
    _dcmpeq                                  0x08004d0d   Thumb Code   120  deqf.o(x$fpl$deqf)
    __aeabi_d2iz                             0x08004d85   Thumb Code     0  dfix.o(x$fpl$dfix)
    _dfix                                    0x08004d85   Thumb Code    94  dfix.o(x$fpl$dfix)
    __aeabi_i2d                              0x08004de3   Thumb Code     0  dflt_clz.o(x$fpl$dflt)
    _dflt                                    0x08004de3   Thumb Code    46  dflt_clz.o(x$fpl$dflt)
    __aeabi_cdcmple                          0x08004e11   Thumb Code     0  dleqf.o(x$fpl$dleqf)
    _dcmple                                  0x08004e11   Thumb Code   120  dleqf.o(x$fpl$dleqf)
    __fpl_dcmple_InfNaN                      0x08004e73   Thumb Code     0  dleqf.o(x$fpl$dleqf)
    __aeabi_dmul                             0x08004e89   Thumb Code     0  dmul.o(x$fpl$dmul)
    _dmul                                    0x08004e89   Thumb Code   332  dmul.o(x$fpl$dmul)
    __fpl_dnaninf                            0x08004fdd   Thumb Code   156  dnaninf.o(x$fpl$dnaninf)
    __fpl_dretinf                            0x08005079   Thumb Code    12  dretinf.o(x$fpl$dretinf)
    __aeabi_cdrcmple                         0x08005085   Thumb Code     0  drleqf.o(x$fpl$drleqf)
    _drcmple                                 0x08005085   Thumb Code   108  drleqf.o(x$fpl$drleqf)
    _fp_init                                 0x080050f1   Thumb Code    10  fpinit.o(x$fpl$fpinit)
    __fplib_config_fpu_vfp                   0x080050f9   Thumb Code     0  fpinit.o(x$fpl$fpinit)
    __fplib_config_pureend_doubles           0x080050f9   Thumb Code     0  fpinit.o(x$fpl$fpinit)
    __fpl_fretinf                            0x080050fb   Thumb Code    10  fretinf.o(x$fpl$fretinf)
    __ieee_status                            0x08005105   Thumb Code     6  istatus.o(x$fpl$ieeestatus)
    __fpl_return_NaN                         0x0800510b   Thumb Code   100  retnan.o(x$fpl$retnan)
    __ARM_scalbn                             0x0800516f   Thumb Code    92  scalbn.o(x$fpl$scalbn)
    _scanf_real                              0x080051cb   Thumb Code     4  scanf1.o(x$fpl$scanf1)
    _scanf_hex_real                          0x080051cf   Thumb Code     4  scanf2.o(x$fpl$scanf2)
    _scanf_infnan                            0x080051d3   Thumb Code     4  scanf2.o(x$fpl$scanf2)
    __fpl_cmpreturn                          0x080051d7   Thumb Code    48  trapv.o(x$fpl$trapveneer)
    AHBPrescTable                            0x08005206   Data          16  system_stm32f4xx.o(.constdata)
    __I$use$fp                               0x08005206   Number         0  usenofp.o(x$fpl$usenofp)
    APBPrescTable                            0x08005216   Data           8  system_stm32f4xx.o(.constdata)
    Region$$Table$$Base                      0x080052b4   Number         0  anon$$obj.o(Region$$Table)
    Region$$Table$$Limit                     0x080052d4   Number         0  anon$$obj.o(Region$$Table)
    __aeabi_HUGE_VAL                         0x080052d4   Data           0  fpconst.o(c$$dinf)
    __aeabi_HUGE_VALL                        0x080052d4   Data           0  fpconst.o(c$$dinf)
    __aeabi_INFINITY                         0x080052d4   Data           0  fpconst.o(c$$dinf)
    __dInf                                   0x080052d4   Data           0  fpconst.o(c$$dinf)
    __huge_val                               0x080052d4   Data           0  fpconst.o(c$$dinf)
    __dbl_max                                0x080052dc   Data           0  fpconst.o(c$$dmax)
    __ctype                                  0x0800530d   Data           0  lc_ctype_c.o(locale$$data)
    mgPerDigit                               0x20000000   Data           4  hal_i2c_hmc5883l.o(.data)
    xOffset                                  0x20000004   Data           4  hal_i2c_hmc5883l.o(.data)
    yOffset                                  0x20000008   Data           4  hal_i2c_hmc5883l.o(.data)
    xValue                                   0x2000000c   Data           4  hal_i2c_hmc5883l.o(.data)
    yValue                                   0x20000010   Data           4  hal_i2c_hmc5883l.o(.data)
    start                                    0x20000014   Data           1  main.o(.data)
    array_index                              0x20000015   Data           1  main.o(.data)
    check                                    0x20000016   Data           1  main.o(.data)
    rec_data                                 0x20000017   Data           1  main.o(.data)
    encA                                     0x20000018   Data           4  main.o(.data)
    yaw_gyro_deg                             0x2000001c   Data           4  main.o(.data)
    encB                                     0x20000020   Data           4  main.o(.data)
    yaw_gyro                                 0x20000024   Data           4  main.o(.data)
    pre_yaw_gyro_deg                         0x20000028   Data           4  main.o(.data)
    temp                                     0x2000002c   Data           2  main.o(.data)
    l_cntT                                   0x20000030   Data           1  tim.o(.data)
    l_cntA                                   0x20000032   Data           2  tim.o(.data)
    l_cntB                                   0x20000034   Data           2  tim.o(.data)
    l_encA                                   0x20000036   Data           2  tim.o(.data)
    l_pre_encA                               0x20000038   Data           2  tim.o(.data)
    l_encB                                   0x2000003a   Data           2  tim.o(.data)
    l_pre_encB                               0x2000003c   Data           2  tim.o(.data)
    hihi                                     0x20000040   Data           4  tim.o(.data)
    uwTickFreq                               0x20000044   Data           1  stm32f4xx_hal.o(.data)
    uwTickPrio                               0x20000048   Data           4  stm32f4xx_hal.o(.data)
    uwTick                                   0x2000004c   Data           4  stm32f4xx_hal.o(.data)
    SystemCoreClock                          0x20000050   Data           4  system_stm32f4xx.o(.data)
    gyro_result                              0x20000058   Data          12  main.o(.bss)
    k                                        0x20000064   Data          24  main.o(.bss)
    pidA                                     0x2000007c   Data          28  main.o(.bss)
    pidB                                     0x20000098   Data          28  main.o(.bss)
    pidLW                                    0x200000b4   Data          28  main.o(.bss)
    rec_data_buffer                          0x200000d0   Data         100  main.o(.bss)
    run_data                                 0x20000134   Data          12  main.o(.bss)
    hi2c1                                    0x20000140   Data          84  i2c.o(.bss)
    htim2                                    0x20000194   Data          64  tim.o(.bss)
    htim3                                    0x200001d4   Data          64  tim.o(.bss)
    htim4                                    0x20000214   Data          64  tim.o(.bss)
    htim9                                    0x20000254   Data          64  tim.o(.bss)
    huart1                                   0x20000294   Data          64  usart.o(.bss)
    __libspace_start                         0x200002d4   Data          96  libspace.o(.bss)
    __temporary_stack_top$libspace           0x20000334   Data           0  libspace.o(.bss)



==============================================================================

Memory Map of the image

  Image Entry point : 0x08000195

  Load Region LR_IROM1 (Base: 0x08000000, Size: 0x00005468, Max: 0x00040000, ABSOLUTE)

    Execution Region ER_IROM1 (Exec base: 0x08000000, Load base: 0x08000000, Size: 0x00005410, Max: 0x00040000, ABSOLUTE)

    Exec Addr    Load Addr    Size         Type   Attr      Idx    E Section Name        Object

    0x08000000   0x08000000   0x00000194   Data   RO            3    RESET               startup_stm32f401xc.o
    0x08000194   0x08000194   0x00000008   Code   RO         3762  * !!!main             c_w.l(__main.o)
    0x0800019c   0x0800019c   0x00000034   Code   RO         4130    !!!scatter          c_w.l(__scatter.o)
    0x080001d0   0x080001d0   0x0000001a   Code   RO         4132    !!handler_copy      c_w.l(__scatter_copy.o)
    0x080001ea   0x080001ea   0x00000002   PAD
    0x080001ec   0x080001ec   0x0000001c   Code   RO         4134    !!handler_zi        c_w.l(__scatter_zi.o)
    0x08000208   0x08000208   0x00000002   Code   RO         3893    .ARM.Collect$$libinit$$00000000  c_w.l(libinit.o)
    0x0800020a   0x0800020a   0x00000004   Code   RO         3894    .ARM.Collect$$libinit$$00000001  c_w.l(libinit2.o)
    0x0800020e   0x0800020e   0x00000000   Code   RO         3897    .ARM.Collect$$libinit$$00000004  c_w.l(libinit2.o)
    0x0800020e   0x0800020e   0x00000000   Code   RO         3900    .ARM.Collect$$libinit$$0000000A  c_w.l(libinit2.o)
    0x0800020e   0x0800020e   0x00000000   Code   RO         3902    .ARM.Collect$$libinit$$0000000C  c_w.l(libinit2.o)
    0x0800020e   0x0800020e   0x00000000   Code   RO         3904    .ARM.Collect$$libinit$$0000000E  c_w.l(libinit2.o)
    0x0800020e   0x0800020e   0x00000006   Code   RO         3905    .ARM.Collect$$libinit$$0000000F  c_w.l(libinit2.o)
    0x08000214   0x08000214   0x00000000   Code   RO         3907    .ARM.Collect$$libinit$$00000011  c_w.l(libinit2.o)
    0x08000214   0x08000214   0x0000000c   Code   RO         3908    .ARM.Collect$$libinit$$00000012  c_w.l(libinit2.o)
    0x08000220   0x08000220   0x00000000   Code   RO         3909    .ARM.Collect$$libinit$$00000013  c_w.l(libinit2.o)
    0x08000220   0x08000220   0x00000000   Code   RO         3911    .ARM.Collect$$libinit$$00000015  c_w.l(libinit2.o)
    0x08000220   0x08000220   0x0000000a   Code   RO         3912    .ARM.Collect$$libinit$$00000016  c_w.l(libinit2.o)
    0x0800022a   0x0800022a   0x00000000   Code   RO         3913    .ARM.Collect$$libinit$$00000017  c_w.l(libinit2.o)
    0x0800022a   0x0800022a   0x00000000   Code   RO         3915    .ARM.Collect$$libinit$$00000019  c_w.l(libinit2.o)
    0x0800022a   0x0800022a   0x00000000   Code   RO         3917    .ARM.Collect$$libinit$$0000001B  c_w.l(libinit2.o)
    0x0800022a   0x0800022a   0x00000000   Code   RO         3919    .ARM.Collect$$libinit$$0000001D  c_w.l(libinit2.o)
    0x0800022a   0x0800022a   0x00000000   Code   RO         3921    .ARM.Collect$$libinit$$0000001F  c_w.l(libinit2.o)
    0x0800022a   0x0800022a   0x00000000   Code   RO         3923    .ARM.Collect$$libinit$$00000021  c_w.l(libinit2.o)
    0x0800022a   0x0800022a   0x00000000   Code   RO         3925    .ARM.Collect$$libinit$$00000023  c_w.l(libinit2.o)
    0x0800022a   0x0800022a   0x00000000   Code   RO         3927    .ARM.Collect$$libinit$$00000025  c_w.l(libinit2.o)
    0x0800022a   0x0800022a   0x00000000   Code   RO         3931    .ARM.Collect$$libinit$$0000002C  c_w.l(libinit2.o)
    0x0800022a   0x0800022a   0x00000000   Code   RO         3933    .ARM.Collect$$libinit$$0000002E  c_w.l(libinit2.o)
    0x0800022a   0x0800022a   0x00000000   Code   RO         3935    .ARM.Collect$$libinit$$00000030  c_w.l(libinit2.o)
    0x0800022a   0x0800022a   0x00000000   Code   RO         3937    .ARM.Collect$$libinit$$00000032  c_w.l(libinit2.o)
    0x0800022a   0x0800022a   0x00000002   Code   RO         3938    .ARM.Collect$$libinit$$00000033  c_w.l(libinit2.o)
    0x0800022c   0x0800022c   0x00000002   Code   RO         4056    .ARM.Collect$$libshutdown$$00000000  c_w.l(libshutdown.o)
    0x0800022e   0x0800022e   0x00000000   Code   RO         4090    .ARM.Collect$$libshutdown$$00000002  c_w.l(libshutdown2.o)
    0x0800022e   0x0800022e   0x00000000   Code   RO         4092    .ARM.Collect$$libshutdown$$00000004  c_w.l(libshutdown2.o)
    0x0800022e   0x0800022e   0x00000000   Code   RO         4095    .ARM.Collect$$libshutdown$$00000007  c_w.l(libshutdown2.o)
    0x0800022e   0x0800022e   0x00000000   Code   RO         4098    .ARM.Collect$$libshutdown$$0000000A  c_w.l(libshutdown2.o)
    0x0800022e   0x0800022e   0x00000000   Code   RO         4100    .ARM.Collect$$libshutdown$$0000000C  c_w.l(libshutdown2.o)
    0x0800022e   0x0800022e   0x00000000   Code   RO         4103    .ARM.Collect$$libshutdown$$0000000F  c_w.l(libshutdown2.o)
    0x0800022e   0x0800022e   0x00000002   Code   RO         4104    .ARM.Collect$$libshutdown$$00000010  c_w.l(libshutdown2.o)
    0x08000230   0x08000230   0x00000000   Code   RO         3808    .ARM.Collect$$rtentry$$00000000  c_w.l(__rtentry.o)
    0x08000230   0x08000230   0x00000000   Code   RO         3833    .ARM.Collect$$rtentry$$00000002  c_w.l(__rtentry2.o)
    0x08000230   0x08000230   0x00000006   Code   RO         3845    .ARM.Collect$$rtentry$$00000004  c_w.l(__rtentry4.o)
    0x08000236   0x08000236   0x00000000   Code   RO         3835    .ARM.Collect$$rtentry$$00000009  c_w.l(__rtentry2.o)
    0x08000236   0x08000236   0x00000004   Code   RO         3836    .ARM.Collect$$rtentry$$0000000A  c_w.l(__rtentry2.o)
    0x0800023a   0x0800023a   0x00000000   Code   RO         3838    .ARM.Collect$$rtentry$$0000000C  c_w.l(__rtentry2.o)
    0x0800023a   0x0800023a   0x00000008   Code   RO         3839    .ARM.Collect$$rtentry$$0000000D  c_w.l(__rtentry2.o)
    0x08000242   0x08000242   0x00000002   Code   RO         3939    .ARM.Collect$$rtexit$$00000000  c_w.l(rtexit.o)
    0x08000244   0x08000244   0x00000000   Code   RO         4007    .ARM.Collect$$rtexit$$00000002  c_w.l(rtexit2.o)
    0x08000244   0x08000244   0x00000004   Code   RO         4008    .ARM.Collect$$rtexit$$00000003  c_w.l(rtexit2.o)
    0x08000248   0x08000248   0x00000006   Code   RO         4009    .ARM.Collect$$rtexit$$00000004  c_w.l(rtexit2.o)
    0x0800024e   0x0800024e   0x00000002   PAD
    0x08000250   0x08000250   0x00000040   Code   RO            4    .text               startup_stm32f401xc.o
    0x08000290   0x08000290   0x000000ee   Code   RO         3753    .text               c_w.l(lludivv7m.o)
    0x0800037e   0x0800037e   0x00000002   PAD
    0x08000380   0x08000380   0x0000000c   Code   RO         3755    .text               c_w.l(strtok.o)
    0x0800038c   0x0800038c   0x0000004e   Code   RO         3758    .text               c_w.l(rt_memclr_w.o)
    0x080003da   0x080003da   0x00000006   Code   RO         3760    .text               c_w.l(heapauxi.o)
    0x080003e0   0x080003e0   0x00000016   Code   RO         3813    .text               c_w.l(_rserrno.o)
    0x080003f6   0x080003f6   0x00000002   PAD
    0x080003f8   0x080003f8   0x000000a4   Code   RO         3815    .text               c_w.l(strtod.o)
    0x0800049c   0x0800049c   0x00000044   Code   RO         3817    .text               c_w.l(strtok_int.o)
    0x080004e0   0x080004e0   0x00000008   Code   RO         3852    .text               c_w.l(rt_errno_addr_intlibspace.o)
    0x080004e8   0x080004e8   0x00000012   Code   RO         3854    .text               c_w.l(isspace.o)
    0x080004fa   0x080004fa   0x00000040   Code   RO         3856    .text               c_w.l(_sgetc.o)
    0x0800053a   0x0800053a   0x00000020   Code   RO         3861    .text               c_w.l(strcspn.o)
    0x0800055a   0x0800055a   0x0000001c   Code   RO         3863    .text               c_w.l(strspn.o)
    0x08000576   0x08000576   0x00000002   PAD
    0x08000578   0x08000578   0x00000008   Code   RO         3869    .text               c_w.l(libspace.o)
    0x08000580   0x08000580   0x0000004a   Code   RO         3872    .text               c_w.l(sys_stackheap_outer.o)
    0x080005ca   0x080005ca   0x00000002   PAD
    0x080005cc   0x080005cc   0x00000010   Code   RO         3874    .text               c_w.l(rt_ctype_table.o)
    0x080005dc   0x080005dc   0x000004f8   Code   RO         3876    .text               c_w.l(scanf_fp.o)
    0x08000ad4   0x08000ad4   0x00000012   Code   RO         3880    .text               c_w.l(exit.o)
    0x08000ae6   0x08000ae6   0x00000002   PAD
    0x08000ae8   0x08000ae8   0x00000080   Code   RO         3886    .text               c_w.l(strcmpv7m.o)
    0x08000b68   0x08000b68   0x00000008   Code   RO         3946    .text               c_w.l(rt_locale_intlibspace.o)
    0x08000b70   0x08000b70   0x000000e4   Code   RO         3948    .text               c_w.l(bigflt0.o)
    0x08000c54   0x08000c54   0x0000000c   Code   RO         4004    .text               c_w.l(sys_exit.o)
    0x08000c60   0x08000c60   0x00000320   Code   RO         4013    .text               c_w.l(scanf_hexfp.o)
    0x08000f80   0x08000f80   0x00000134   Code   RO         4015    .text               c_w.l(scanf_infnan.o)
    0x080010b4   0x080010b4   0x00000002   Code   RO         4039    .text               c_w.l(use_no_semi.o)
    0x080010b6   0x080010b6   0x00000000   Code   RO         4041    .text               c_w.l(indicate_semi.o)
    0x080010b6   0x080010b6   0x00000026   Code   RO         4044    .text               c_w.l(llshl.o)
    0x080010dc   0x080010dc   0x0000001c   Code   RO         4046    .text               c_w.l(_chval.o)
    0x080010f8   0x080010f8   0x00000338   Code   RO         3961    CL$$btod_div_common  c_w.l(btod.o)
    0x08001430   0x08001430   0x00000084   Code   RO         3959    CL$$btod_e2d        c_w.l(btod.o)
    0x080014b4   0x080014b4   0x000000dc   Code   RO         3958    CL$$btod_e2e        c_w.l(btod.o)
    0x08001590   0x08001590   0x0000002a   Code   RO         3955    CL$$btod_ediv       c_w.l(btod.o)
    0x080015ba   0x080015ba   0x0000002a   Code   RO         3957    CL$$btod_edivd      c_w.l(btod.o)
    0x080015e4   0x080015e4   0x0000002a   Code   RO         3954    CL$$btod_emul       c_w.l(btod.o)
    0x0800160e   0x0800160e   0x0000002a   Code   RO         3956    CL$$btod_emuld      c_w.l(btod.o)
    0x08001638   0x08001638   0x00000244   Code   RO         3960    CL$$btod_mult_common  c_w.l(btod.o)
    0x0800187c   0x0800187c   0x00000002   Code   RO          721    i.BusFault_Handler  stm32f4xx_it.o
    0x0800187e   0x0800187e   0x00000002   Code   RO          722    i.DebugMon_Handler  stm32f4xx_it.o
    0x08001880   0x08001880   0x00000002   Code   RO          395    i.Error_Handler     main.o
    0x08001882   0x08001882   0x00000024   Code   RO         3026    i.HAL_DMA_Abort_IT  stm32f4xx_hal_dma.o
    0x080018a6   0x080018a6   0x00000002   PAD
    0x080018a8   0x080018a8   0x00000024   Code   RO         3468    i.HAL_Delay         stm32f4xx_hal.o
    0x080018cc   0x080018cc   0x00000188   Code   RO         2918    i.HAL_GPIO_Init     stm32f4xx_hal_gpio.o
    0x08001a54   0x08001a54   0x0000000a   Code   RO         2920    i.HAL_GPIO_ReadPin  stm32f4xx_hal_gpio.o
    0x08001a5e   0x08001a5e   0x0000000a   Code   RO         2922    i.HAL_GPIO_WritePin  stm32f4xx_hal_gpio.o
    0x08001a68   0x08001a68   0x0000000c   Code   RO         3474    i.HAL_GetTick       stm32f4xx_hal.o
    0x08001a74   0x08001a74   0x00000174   Code   RO          844    i.HAL_I2C_Init      stm32f4xx_hal_i2c.o
    0x08001be8   0x08001be8   0x000001f8   Code   RO          862    i.HAL_I2C_Mem_Read  stm32f4xx_hal_i2c.o
    0x08001de0   0x08001de0   0x00000130   Code   RO          865    i.HAL_I2C_Mem_Write  stm32f4xx_hal_i2c.o
    0x08001f10   0x08001f10   0x0000006c   Code   RO          534    i.HAL_I2C_MspInit   i2c.o
    0x08001f7c   0x08001f7c   0x00000010   Code   RO         3480    i.HAL_IncTick       stm32f4xx_hal.o
    0x08001f8c   0x08001f8c   0x00000034   Code   RO         3481    i.HAL_Init          stm32f4xx_hal.o
    0x08001fc0   0x08001fc0   0x00000040   Code   RO         3482    i.HAL_InitTick      stm32f4xx_hal.o
    0x08002000   0x08002000   0x00000030   Code   RO          809    i.HAL_MspInit       stm32f4xx_hal_msp.o
    0x08002030   0x08002030   0x0000001a   Code   RO         3331    i.HAL_NVIC_EnableIRQ  stm32f4xx_hal_cortex.o
    0x0800204a   0x0800204a   0x00000002   PAD
    0x0800204c   0x0800204c   0x00000040   Code   RO         3337    i.HAL_NVIC_SetPriority  stm32f4xx_hal_cortex.o
    0x0800208c   0x0800208c   0x00000024   Code   RO         3338    i.HAL_NVIC_SetPriorityGrouping  stm32f4xx_hal_cortex.o
    0x080020b0   0x080020b0   0x00000130   Code   RO         2540    i.HAL_RCC_ClockConfig  stm32f4xx_hal_rcc.o
    0x080021e0   0x080021e0   0x00000020   Code   RO         2547    i.HAL_RCC_GetPCLK1Freq  stm32f4xx_hal_rcc.o
    0x08002200   0x08002200   0x00000020   Code   RO         2548    i.HAL_RCC_GetPCLK2Freq  stm32f4xx_hal_rcc.o
    0x08002220   0x08002220   0x00000064   Code   RO         2549    i.HAL_RCC_GetSysClockFreq  stm32f4xx_hal_rcc.o
    0x08002284   0x08002284   0x0000031c   Code   RO         2552    i.HAL_RCC_OscConfig  stm32f4xx_hal_rcc.o
    0x080025a0   0x080025a0   0x00000028   Code   RO         3342    i.HAL_SYSTICK_Config  stm32f4xx_hal_cortex.o
    0x080025c8   0x080025c8   0x00000002   Code   RO         1962    i.HAL_TIMEx_BreakCallback  stm32f4xx_hal_tim_ex.o
    0x080025ca   0x080025ca   0x00000002   Code   RO         1963    i.HAL_TIMEx_CommutCallback  stm32f4xx_hal_tim_ex.o
    0x080025cc   0x080025cc   0x00000042   Code   RO         1980    i.HAL_TIMEx_MasterConfigSynchronization  stm32f4xx_hal_tim_ex.o
    0x0800260e   0x0800260e   0x00000036   Code   RO         1287    i.HAL_TIM_Base_Init  stm32f4xx_hal_tim.o
    0x08002644   0x08002644   0x00000038   Code   RO          576    i.HAL_TIM_Base_MspInit  tim.o
    0x0800267c   0x0800267c   0x00000022   Code   RO         1292    i.HAL_TIM_Base_Start_IT  stm32f4xx_hal_tim.o
    0x0800269e   0x0800269e   0x000000d6   Code   RO         1296    i.HAL_TIM_ConfigClockSource  stm32f4xx_hal_tim.o
    0x08002774   0x08002774   0x00000098   Code   RO         1305    i.HAL_TIM_Encoder_Init  stm32f4xx_hal_tim.o
    0x0800280c   0x0800280c   0x000000a4   Code   RO          578    i.HAL_TIM_Encoder_MspInit  tim.o
    0x080028b0   0x080028b0   0x00000034   Code   RO         1308    i.HAL_TIM_Encoder_Start  stm32f4xx_hal_tim.o
    0x080028e4   0x080028e4   0x00000002   Code   RO         1316    i.HAL_TIM_IC_CaptureCallback  stm32f4xx_hal_tim.o
    0x080028e6   0x080028e6   0x00000166   Code   RO         1330    i.HAL_TIM_IRQHandler  stm32f4xx_hal_tim.o
    0x08002a4c   0x08002a4c   0x00000054   Code   RO          579    i.HAL_TIM_MspPostInit  tim.o
    0x08002aa0   0x08002aa0   0x00000002   Code   RO         1333    i.HAL_TIM_OC_DelayElapsedCallback  stm32f4xx_hal_tim.o
    0x08002aa2   0x08002aa2   0x000000d0   Code   RO         1354    i.HAL_TIM_PWM_ConfigChannel  stm32f4xx_hal_tim.o
    0x08002b72   0x08002b72   0x00000036   Code   RO         1357    i.HAL_TIM_PWM_Init  stm32f4xx_hal_tim.o
    0x08002ba8   0x08002ba8   0x00000028   Code   RO          581    i.HAL_TIM_PWM_MspInit  tim.o
    0x08002bd0   0x08002bd0   0x00000002   Code   RO         1360    i.HAL_TIM_PWM_PulseFinishedCallback  stm32f4xx_hal_tim.o
    0x08002bd2   0x08002bd2   0x00000002   PAD
    0x08002bd4   0x08002bd4   0x00000038   Code   RO         1362    i.HAL_TIM_PWM_Start  stm32f4xx_hal_tim.o
    0x08002c0c   0x08002c0c   0x000001bc   Code   RO          582    i.HAL_TIM_PeriodElapsedCallback  tim.o
    0x08002dc8   0x08002dc8   0x00000002   Code   RO         1373    i.HAL_TIM_TriggerCallback  stm32f4xx_hal_tim.o
    0x08002dca   0x08002dca   0x00000002   Code   RO         2234    i.HAL_UART_ErrorCallback  stm32f4xx_hal_uart.o
    0x08002dcc   0x08002dcc   0x00000110   Code   RO         2237    i.HAL_UART_IRQHandler  stm32f4xx_hal_uart.o
    0x08002edc   0x08002edc   0x00000062   Code   RO         2238    i.HAL_UART_Init     stm32f4xx_hal_uart.o
    0x08002f3e   0x08002f3e   0x00000002   PAD
    0x08002f40   0x08002f40   0x0000007c   Code   RO          680    i.HAL_UART_MspInit  usart.o
    0x08002fbc   0x08002fbc   0x00000052   Code   RO         2243    i.HAL_UART_Receive_IT  stm32f4xx_hal_uart.o
    0x0800300e   0x0800300e   0x00000002   PAD
    0x08003010   0x08003010   0x000000a0   Code   RO          396    i.HAL_UART_RxCpltCallback  main.o
    0x080030b0   0x080030b0   0x00000002   Code   RO         2249    i.HAL_UART_TxCpltCallback  stm32f4xx_hal_uart.o
    0x080030b2   0x080030b2   0x00000002   PAD
    0x080030b4   0x080030b4   0x00000040   Code   RO          248    i.HMC5883L_initialize  hal_i2c_hmc5883l.o
    0x080030f4   0x080030f4   0x00000002   Code   RO          723    i.HardFault_Handler  stm32f4xx_it.o
    0x080030f6   0x080030f6   0x0000002e   Code   RO          886    i.I2C_IsAcknowledgeFailed  stm32f4xx_hal_i2c.o
    0x08003124   0x08003124   0x000000e6   Code   RO          895    i.I2C_RequestMemoryRead  stm32f4xx_hal_i2c.o
    0x0800320a   0x0800320a   0x00000002   PAD
    0x0800320c   0x0800320c   0x00000094   Code   RO          896    i.I2C_RequestMemoryWrite  stm32f4xx_hal_i2c.o
    0x080032a0   0x080032a0   0x0000004c   Code   RO          899    i.I2C_WaitOnBTFFlagUntilTimeout  stm32f4xx_hal_i2c.o
    0x080032ec   0x080032ec   0x00000068   Code   RO          900    i.I2C_WaitOnFlagUntilTimeout  stm32f4xx_hal_i2c.o
    0x08003354   0x08003354   0x00000096   Code   RO          901    i.I2C_WaitOnMasterAddressFlagUntilTimeout  stm32f4xx_hal_i2c.o
    0x080033ea   0x080033ea   0x00000066   Code   RO          902    i.I2C_WaitOnRXNEFlagUntilTimeout  stm32f4xx_hal_i2c.o
    0x08003450   0x08003450   0x0000004c   Code   RO          903    i.I2C_WaitOnTXEFlagUntilTimeout  stm32f4xx_hal_i2c.o
    0x0800349c   0x0800349c   0x00000042   Code   RO          198    i.MPU6050_ByPass    hal_i2c_mpu6050.o
    0x080034de   0x080034de   0x000000a4   Code   RO          199    i.MPU6050_Init      hal_i2c_mpu6050.o
    0x08003582   0x08003582   0x00000002   PAD
    0x08003584   0x08003584   0x000000e4   Code   RO          201    i.MPU6050_Read_Gyro  hal_i2c_mpu6050.o
    0x08003668   0x08003668   0x000000d8   Code   RO          509    i.MX_GPIO_Init      gpio.o
    0x08003740   0x08003740   0x00000040   Code   RO          535    i.MX_I2C1_Init      i2c.o
    0x08003780   0x08003780   0x00000064   Code   RO          583    i.MX_TIM2_Init      tim.o
    0x080037e4   0x080037e4   0x0000006c   Code   RO          584    i.MX_TIM3_Init      tim.o
    0x08003850   0x08003850   0x0000006c   Code   RO          585    i.MX_TIM4_Init      tim.o
    0x080038bc   0x080038bc   0x0000006c   Code   RO          586    i.MX_TIM9_Init      tim.o
    0x08003928   0x08003928   0x00000038   Code   RO          681    i.MX_USART1_UART_Init  usart.o
    0x08003960   0x08003960   0x00000002   Code   RO          724    i.MemManage_Handler  stm32f4xx_it.o
    0x08003962   0x08003962   0x00000002   Code   RO          725    i.NMI_Handler       stm32f4xx_it.o
    0x08003964   0x08003964   0x00000002   Code   RO          726    i.PendSV_Handler    stm32f4xx_it.o
    0x08003966   0x08003966   0x00000002   Code   RO          727    i.SVC_Handler       stm32f4xx_it.o
    0x08003968   0x08003968   0x00000004   Code   RO          728    i.SysTick_Handler   stm32f4xx_it.o
    0x0800396c   0x0800396c   0x00000084   Code   RO          398    i.SystemClock_Config  main.o
    0x080039f0   0x080039f0   0x00000054   Code   RO         3717    i.SystemInit        system_stm32f4xx.o
    0x08003a44   0x08003a44   0x0000000c   Code   RO          729    i.TIM2_IRQHandler   stm32f4xx_it.o
    0x08003a50   0x08003a50   0x00000098   Code   RO         1375    i.TIM_Base_SetConfig  stm32f4xx_hal_tim.o
    0x08003ae8   0x08003ae8   0x0000001a   Code   RO         1376    i.TIM_CCxChannelCmd  stm32f4xx_hal_tim.o
    0x08003b02   0x08003b02   0x00000014   Code   RO         1386    i.TIM_ETR_SetConfig  stm32f4xx_hal_tim.o
    0x08003b16   0x08003b16   0x00000010   Code   RO         1387    i.TIM_ITRx_SetConfig  stm32f4xx_hal_tim.o
    0x08003b26   0x08003b26   0x00000002   PAD
    0x08003b28   0x08003b28   0x00000050   Code   RO         1388    i.TIM_OC1_SetConfig  stm32f4xx_hal_tim.o
    0x08003b78   0x08003b78   0x00000058   Code   RO         1389    i.TIM_OC2_SetConfig  stm32f4xx_hal_tim.o
    0x08003bd0   0x08003bd0   0x00000058   Code   RO         1390    i.TIM_OC3_SetConfig  stm32f4xx_hal_tim.o
    0x08003c28   0x08003c28   0x00000044   Code   RO         1391    i.TIM_OC4_SetConfig  stm32f4xx_hal_tim.o
    0x08003c6c   0x08003c6c   0x00000022   Code   RO         1393    i.TIM_TI1_ConfigInputStage  stm32f4xx_hal_tim.o
    0x08003c8e   0x08003c8e   0x00000024   Code   RO         1395    i.TIM_TI2_ConfigInputStage  stm32f4xx_hal_tim.o
    0x08003cb2   0x08003cb2   0x00000010   Code   RO         2251    i.UART_DMAAbortOnError  stm32f4xx_hal_uart.o
    0x08003cc2   0x08003cc2   0x0000001c   Code   RO         2261    i.UART_EndRxTransfer  stm32f4xx_hal_uart.o
    0x08003cde   0x08003cde   0x00000096   Code   RO         2263    i.UART_Receive_IT   stm32f4xx_hal_uart.o
    0x08003d74   0x08003d74   0x000002ac   Code   RO         2264    i.UART_SetConfig    stm32f4xx_hal_uart.o
    0x08004020   0x08004020   0x00000062   Code   RO         2265    i.UART_Transmit_IT  stm32f4xx_hal_uart.o
    0x08004082   0x08004082   0x00000002   PAD
    0x08004084   0x08004084   0x0000000c   Code   RO          730    i.USART1_IRQHandler  stm32f4xx_it.o
    0x08004090   0x08004090   0x00000002   Code   RO          731    i.UsageFault_Handler  stm32f4xx_it.o
    0x08004092   0x08004092   0x00000020   Code   RO         3344    i.__NVIC_SetPriority  stm32f4xx_hal_cortex.o
    0x080040b2   0x080040b2   0x00000006   PAD
    0x080040b8   0x080040b8   0x000000f8   Code   RO         3996    i.__hardfp___mathlib_tofloat  m_wm.l(narrow.o)
    0x080041b0   0x080041b0   0x00000038   Code   RO         3790    i.__hardfp_atof     m_wm.l(atof.o)
    0x080041e8   0x080041e8   0x000000d0   Code   RO         4057    i.__hardfp_ldexp    m_wm.l(ldexp.o)
    0x080042b8   0x080042b8   0x00000020   Code   RO         4111    i.__mathlib_dbl_overflow  m_wm.l(dunder.o)
    0x080042d8   0x080042d8   0x00000020   Code   RO         4113    i.__mathlib_dbl_underflow  m_wm.l(dunder.o)
    0x080042f8   0x080042f8   0x00000012   Code   RO         3997    i.__mathlib_narrow  m_wm.l(narrow.o)
    0x0800430a   0x0800430a   0x00000014   Code   RO         4059    i.__support_ldexp   m_wm.l(ldexp.o)
    0x0800431e   0x0800431e   0x0000000e   Code   RO         3878    i._is_digit         c_w.l(scanf_fp.o)
    0x0800432c   0x0800432c   0x000000b0   Code   RO          587    i.count             tim.o
    0x080043dc   0x080043dc   0x00000004   PAD
    0x080043e0   0x080043e0   0x0000008c   Code   RO         4031    i.frexp             m_wm.l(frexp.o)
    0x0800446c   0x0800446c   0x00000054   Code   RO           13    i.handle_angle      motor.o
    0x080044c0   0x080044c0   0x0000004c   Code   RO           14    i.handle_straight   motor.o
    0x0800450c   0x0800450c   0x00000006   Code   RO          325    i.kalman_init_simple  simple_kalman.o
    0x08004512   0x08004512   0x00000002   PAD
    0x08004514   0x08004514   0x000001a8   Code   RO          399    i.main              main.o
    0x080046bc   0x080046bc   0x0000004c   Code   RO          168    i.pid_position_compute  pid.o
    0x08004708   0x08004708   0x00000048   Code   RO           15    i.reset_run         motor.o
    0x08004750   0x08004750   0x0000004c   Code   RO          251    i.setDataRate       hal_i2c_hmc5883l.o
    0x0800479c   0x0800479c   0x00000048   Code   RO          252    i.setMeasurementMode  hal_i2c_hmc5883l.o
    0x080047e4   0x080047e4   0x00000090   Code   RO          254    i.setRange          hal_i2c_hmc5883l.o
    0x08004874   0x08004874   0x0000004c   Code   RO          255    i.setSamples        hal_i2c_hmc5883l.o
    0x080048c0   0x080048c0   0x000000b8   Code   RO           16    i.speed_run         motor.o
    0x08004978   0x08004978   0x0000002c   Code   RO         3859    locale$$code        c_w.l(lc_numeric_c.o)
    0x080049a4   0x080049a4   0x0000002c   Code   RO         3974    locale$$code        c_w.l(lc_ctype_c.o)
    0x080049d0   0x080049d0   0x00000062   Code   RO         3764    x$fpl$d2f           fz_wm.l(d2f.o)
    0x08004a32   0x08004a32   0x00000002   PAD
    0x08004a34   0x08004a34   0x00000010   Code   RO         4122    x$fpl$dcheck1       fz_wm.l(dcheck1.o)
    0x08004a44   0x08004a44   0x00000018   Code   RO         3865    x$fpl$dcmpinf       fz_wm.l(dcmpi.o)
    0x08004a5c   0x08004a5c   0x000002b0   Code   RO         3773    x$fpl$ddiv          fz_wm.l(ddiv.o)
    0x08004d0c   0x08004d0c   0x00000078   Code   RO         4025    x$fpl$deqf          fz_wm.l(deqf.o)
    0x08004d84   0x08004d84   0x0000005e   Code   RO         3776    x$fpl$dfix          fz_wm.l(dfix.o)
    0x08004de2   0x08004de2   0x0000002e   Code   RO         3781    x$fpl$dflt          fz_wm.l(dflt_clz.o)
    0x08004e10   0x08004e10   0x00000078   Code   RO         3819    x$fpl$dleqf         fz_wm.l(dleqf.o)
    0x08004e88   0x08004e88   0x00000154   Code   RO         3786    x$fpl$dmul          fz_wm.l(dmul.o)
    0x08004fdc   0x08004fdc   0x0000009c   Code   RO         3821    x$fpl$dnaninf       fz_wm.l(dnaninf.o)
    0x08005078   0x08005078   0x0000000c   Code   RO         3823    x$fpl$dretinf       fz_wm.l(dretinf.o)
    0x08005084   0x08005084   0x0000006c   Code   RO         4027    x$fpl$drleqf        fz_wm.l(drleqf.o)
    0x080050f0   0x080050f0   0x0000000a   Code   RO         3986    x$fpl$fpinit        fz_wm.l(fpinit.o)
    0x080050fa   0x080050fa   0x0000000a   Code   RO         3829    x$fpl$fretinf       fz_wm.l(fretinf.o)
    0x08005104   0x08005104   0x00000006   Code   RO         3988    x$fpl$ieeestatus    fz_wm.l(istatus.o)
    0x0800510a   0x0800510a   0x00000064   Code   RO         4124    x$fpl$retnan        fz_wm.l(retnan.o)
    0x0800516e   0x0800516e   0x0000005c   Code   RO         4105    x$fpl$scalbn        fz_wm.l(scalbn.o)
    0x080051ca   0x080051ca   0x00000004   Code   RO         3867    x$fpl$scanf1        fz_wm.l(scanf1.o)
    0x080051ce   0x080051ce   0x00000008   Code   RO         3990    x$fpl$scanf2        fz_wm.l(scanf2.o)
    0x080051d6   0x080051d6   0x00000030   Code   RO         4126    x$fpl$trapveneer    fz_wm.l(trapv.o)
    0x08005206   0x08005206   0x00000000   Code   RO         3831    x$fpl$usenofp       fz_wm.l(usenofp.o)
    0x08005206   0x08005206   0x00000010   Data   RO         3718    .constdata          system_stm32f4xx.o
    0x08005216   0x08005216   0x00000008   Data   RO         3719    .constdata          system_stm32f4xx.o
    0x0800521e   0x0800521e   0x00000002   PAD
    0x08005220   0x08005220   0x00000094   Data   RO         3949    .constdata          c_w.l(bigflt0.o)
    0x080052b4   0x080052b4   0x00000020   Data   RO         4128    Region$$Table       anon$$obj.o
    0x080052d4   0x080052d4   0x00000008   Data   RO         3982    c$$dinf             fz_wm.l(fpconst.o)
    0x080052dc   0x080052dc   0x00000008   Data   RO         3985    c$$dmax             fz_wm.l(fpconst.o)
    0x080052e4   0x080052e4   0x0000001c   Data   RO         3858    locale$$data        c_w.l(lc_numeric_c.o)
    0x08005300   0x08005300   0x00000110   Data   RO         3973    locale$$data        c_w.l(lc_ctype_c.o)


    Execution Region RW_IRAM1 (Exec base: 0x20000000, Load base: 0x08005410, Size: 0x00000938, Max: 0x00010000, ABSOLUTE)

    Exec Addr    Load Addr    Size         Type   Attr      Idx    E Section Name        Object

    0x20000000   0x08005410   0x00000014   Data   RW          257    .data               hal_i2c_hmc5883l.o
    0x20000014   0x08005424   0x0000000c   Data   RW          408    .data               main.o
    0x20000020   0x08005430   0x00000004   Data   RW          413    .data               main.o
    0x20000024   0x08005434   0x00000004   Data   RW          432    .data               main.o
    0x20000028   0x08005438   0x00000004   Data   RW          433    .data               main.o
    0x2000002c   0x0800543c   0x00000002   Data   RW          437    .data               main.o
    0x2000002e   0x0800543e   0x00000002   PAD
    0x20000030   0x08005440   0x00000014   Data   RW          589    .data               tim.o
    0x20000044   0x08005454   0x0000000c   Data   RW         3488    .data               stm32f4xx_hal.o
    0x20000050   0x08005460   0x00000004   Data   RW         3720    .data               system_stm32f4xx.o
    0x20000054   0x08005464   0x00000004   Data   RW         3756    .data               c_w.l(strtok.o)
    0x20000058        -       0x0000000c   Zero   RW          402    .bss                main.o
    0x20000064        -       0x000000dc   Zero   RW          405    .bss                main.o
    0x20000140        -       0x00000054   Zero   RW          536    .bss                i2c.o
    0x20000194        -       0x00000100   Zero   RW          588    .bss                tim.o
    0x20000294        -       0x00000040   Zero   RW          682    .bss                usart.o
    0x200002d4        -       0x00000060   Zero   RW         3870    .bss                c_w.l(libspace.o)
    0x20000334   0x08005468   0x00000004   PAD
    0x20000338        -       0x00000200   Zero   RW            2    HEAP                startup_stm32f401xc.o
    0x20000538        -       0x00000400   Zero   RW            1    STACK               startup_stm32f401xc.o


==============================================================================

Image component sizes


      Code (inc. data)   RO Data    RW Data    ZI Data      Debug   Object Name

       216         14          0          0          0       1019   gpio.o
       432         70          0         20          0       6254   hal_i2c_hmc5883l.o
       458         22          0          0          0       6461   hal_i2c_mpu6050.o
       172         28          0          0         84       1737   i2c.o
       718        102          0         26        232       5100   main.o
       416         62          0          0          0     426385   motor.o
        76          0          0          0          0        799   pid.o
         6          0          0          0          0       1469   simple_kalman.o
        64         26        404          0       1536        856   startup_stm32f401xc.o
       180         28          0         12          0       4665   stm32f4xx_hal.o
       198         14          0          0          0      34031   stm32f4xx_hal_cortex.o
        36          0          0          0          0       1239   stm32f4xx_hal_dma.o
       412         34          0          0          0       3115   stm32f4xx_hal_gpio.o
      2112         44          0          0          0      12774   stm32f4xx_hal_i2c.o
        48          6          0          0          0        882   stm32f4xx_hal_msp.o
      1264         80          0          0          0       5232   stm32f4xx_hal_rcc.o
      1798         54          0          0          0      17731   stm32f4xx_hal_tim.o
        70          0          0          0          0       2493   stm32f4xx_hal_tim_ex.o
      1432         14          0          0          0       7823   stm32f4xx_hal_uart.o
        44         12          0          0          0       5256   stm32f4xx_it.o
        84         18         24          4          0       1223   system_stm32f4xx.o
      1388        166          0         20        256       7865   tim.o
       180         22          0          0         64       1782   usart.o

    ----------------------------------------------------------------------
     11836        820        462         84       2172     556191   Object Totals
         0          0         32          0          0          0   (incl. Generated)
        32          4          2          2          0          0   (incl. Padding)

    ----------------------------------------------------------------------

      Code (inc. data)   RO Data    RW Data    ZI Data      Debug   Library Member Name

         8          0          0          0          0         68   __main.o
         0          0          0          0          0          0   __rtentry.o
        12          0          0          0          0          0   __rtentry2.o
         6          0          0          0          0          0   __rtentry4.o
        52          8          0          0          0          0   __scatter.o
        26          0          0          0          0          0   __scatter_copy.o
        28          0          0          0          0          0   __scatter_zi.o
        28          0          0          0          0         68   _chval.o
        22          0          0          0          0        100   _rserrno.o
        64          0          0          0          0         84   _sgetc.o
       228          4        148          0          0         96   bigflt0.o
      1924        136          0          0          0        756   btod.o
        18          0          0          0          0         80   exit.o
         6          0          0          0          0        152   heapauxi.o
         0          0          0          0          0          0   indicate_semi.o
        18          0          0          0          0         76   isspace.o
        44         10        272          0          0         76   lc_ctype_c.o
        44         10         28          0          0         76   lc_numeric_c.o
         2          0          0          0          0          0   libinit.o
        34          0          0          0          0          0   libinit2.o
         2          0          0          0          0          0   libshutdown.o
         2          0          0          0          0          0   libshutdown2.o
         8          4          0          0         96         68   libspace.o
        38          0          0          0          0         68   llshl.o
       238          0          0          0          0        100   lludivv7m.o
        16          4          0          0          0         76   rt_ctype_table.o
         8          4          0          0          0         68   rt_errno_addr_intlibspace.o
         8          4          0          0          0         68   rt_locale_intlibspace.o
        78          0          0          0          0         80   rt_memclr_w.o
         2          0          0          0          0          0   rtexit.o
        10          0          0          0          0          0   rtexit2.o
      1286         16          0          0          0        236   scanf_fp.o
       800         14          0          0          0        100   scanf_hexfp.o
       308         16          0          0          0        100   scanf_infnan.o
       128          0          0          0          0         68   strcmpv7m.o
        32          0          0          0          0         80   strcspn.o
        28          0          0          0          0         80   strspn.o
       164         14          0          0          0        120   strtod.o
        12          6          0          4          0         68   strtok.o
        68          4          0          0          0         84   strtok_int.o
        12          4          0          0          0         68   sys_exit.o
        74          0          0          0          0         80   sys_stackheap_outer.o
         2          0          0          0          0         68   use_no_semi.o
        98          4          0          0          0        140   d2f.o
        16          4          0          0          0        116   dcheck1.o
        24          0          0          0          0        116   dcmpi.o
       688        140          0          0          0        256   ddiv.o
       120          4          0          0          0        140   deqf.o
        94          4          0          0          0        140   dfix.o
        46          0          0          0          0        116   dflt_clz.o
       120          4          0          0          0        140   dleqf.o
       340         12          0          0          0        152   dmul.o
       156          4          0          0          0        140   dnaninf.o
        12          0          0          0          0        116   dretinf.o
       108          0          0          0          0        128   drleqf.o
         0          0         16          0          0          0   fpconst.o
        10          0          0          0          0        116   fpinit.o
        10          0          0          0          0        116   fretinf.o
         6          0          0          0          0        116   istatus.o
       100          0          0          0          0        116   retnan.o
        92          0          0          0          0        116   scalbn.o
         4          0          0          0          0        116   scanf1.o
         8          0          0          0          0        132   scanf2.o
        48          0          0          0          0        116   trapv.o
         0          0          0          0          0          0   usenofp.o
        56         12          0          0          0        132   atof.o
        64         16          0          0          0        248   dunder.o
       140         22          0          0          0        132   frexp.o
       228          8          0          0          0        308   ldexp.o
       266         16          0          0          0        308   narrow.o

    ----------------------------------------------------------------------
      8758        508        464          4        100       7084   Library Totals
        16          0          0          0          4          0   (incl. Padding)

    ----------------------------------------------------------------------

      Code (inc. data)   RO Data    RW Data    ZI Data      Debug   Library Name

      5888        258        448          4         96       3312   c_w.l
      2100        176         16          0          0       2644   fz_wm.l
       754         74          0          0          0       1128   m_wm.l

    ----------------------------------------------------------------------
      8758        508        464          4        100       7084   Library Totals

    ----------------------------------------------------------------------

==============================================================================


      Code (inc. data)   RO Data    RW Data    ZI Data      Debug   

     20594       1328        926         88       2272     548507   Grand Totals
     20594       1328        926         88       2272     548507   ELF Image Totals
     20594       1328        926         88          0          0   ROM Totals

==============================================================================

    Total RO  Size (Code + RO Data)                21520 (  21.02kB)
    Total RW  Size (RW Data + ZI Data)              2360 (   2.30kB)
    Total ROM Size (Code + RO Data + RW Data)      21608 (  21.10kB)

==============================================================================

